BL51 BANKED LINKER/LOCATER V6.22                                                        08/19/2024  08:55:07  PAGE 1


BL51 BANKED LINKER/LOCATER V6.22, INVOKED BY:
C:\KEIL_V4\C51\BIN\BL51.EXE .\outputFiles\STARTUP.obj, .\outputFiles\main.obj, .\outputFiles\GPIO_init.obj, .\outputFile
>> s\ShowStrings.obj TO .\outputFiles\led12x24 PRINT (.\led12x24.m51) RAMSIZE (256)


MEMORY MODEL: COMPACT


INPUT MODULES INCLUDED:
  .\outputFiles\STARTUP.obj (?C_STARTUP)
  .\outputFiles\main.obj (MAIN)
  .\outputFiles\GPIO_init.obj (GPIO_INIT)
  .\outputFiles\ShowStrings.obj (SHOWSTRINGS)
  C:\KEIL_V4\C51\LIB\C51C.LIB (?C_INIT)
  C:\KEIL_V4\C51\LIB\C51C.LIB (?C?COPY)
  C:\KEIL_V4\C51\LIB\C51C.LIB (?C?CLDPTR)


LINK MAP OF MODULE:  .\outputFiles\led12x24 (?C_STARTUP)


            TYPE    BASE      LENGTH    RELOCATION   SEGMENT NAME
            -----------------------------------------------------

            * * * * * * *   D A T A   M E M O R Y   * * * * * * *
            REG     0000H     0008H     ABSOLUTE     "REG BANK 0"
                    0008H     0018H                  *** GAP ***
            BIT     0020H.0   0000H.1   UNIT         ?BI?GPIO_INIT
                    0020H.1   0000H.7                *** GAP ***
            IDATA   0021H     0001H     UNIT         ?STACK

            * * * * * * *  X D A T A   M E M O R Y  * * * * * * *
            XDATA   0000H     0012H     INPAGE       ?PD?MAIN
            XDATA   0012H     0012H     INPAGE       ?PD?GPIO_INIT
            XDATA   0024H     0018H     INPAGE       ?PD?SHOWSTRINGS
            XDATA   003CH     0035H     INPAGE       _PDATA_GROUP_

            * * * * * * *   C O D E   M E M O R Y   * * * * * * *
            CODE    0000H     0003H     ABSOLUTE     
            CODE    0003H     0008H     UNIT         ?PR?_UARTSENDBYTE?GPIO_INIT
            CODE    000BH     0007H     UNIT         ?PR?HELLO_CN_STR?SHOWSTRINGS
                    0012H     0011H                  *** GAP ***
            CODE    0023H     0003H     ABSOLUTE     
            CODE    0026H     0C74H     UNIT         ?PR?_LED_SCREEN2_TEST?GPIO_INIT
            CODE    0C9AH     0C70H     UNIT         ?PR?_LED_SCREEN3_TEST?GPIO_INIT
            CODE    190AH     0C6FH     UNIT         ?PR?_LED_SCREEN0_TEST?GPIO_INIT
            CODE    2579H     0C40H     UNIT         ?PR?_LED_SCREEN1_TEST?GPIO_INIT
            CODE    31B9H     0303H     UNIT         ?PR?_LED_ALLON?GPIO_INIT
            CODE    34BCH     01B4H     UNIT         ?PR?_GPIO_SETPUSHPULLUPOUTPUT?GPIO_INIT
            CODE    3670H     014DH     UNIT         ?PR?_GPIO_SETPULLUP?GPIO_INIT
            CODE    37BDH     014DH     UNIT         ?PR?_GPIO_SETSCHMIDTTRIGGER?GPIO_INIT
            CODE    390AH     014DH     UNIT         ?PR?_GPIO_SETLEVELSHIFTINGSPEED?GPIO_INIT
            CODE    3A57H     014DH     UNIT         ?PR?_GPIO_SETDRIVECURRENT?GPIO_INIT
            CODE    3BA4H     014DH     UNIT         ?PR?LED_ALLON_TEST?GPIO_INIT
            CODE    3CF1H     0120H     UNIT         ?PR?LED_LEFTON_TEST?GPIO_INIT
            CODE    3E11H     010FH     UNIT         ?C?LIB_CODE
            CODE    3F20H     0109H     UNIT         ?PR?_GPIO_SETOPENDRAINOUTPUT?GPIO_INIT
            CODE    4029H     0104H     UNIT         ?PR?LED_TWOBYTES_TEST?GPIO_INIT
BL51 BANKED LINKER/LOCATER V6.22                                                      08/19/2024  08:55:07  PAGE 2


            CODE    412DH     00F7H     UNIT         ?PR?LED_TWOBYTES_TEST3?GPIO_INIT
            CODE    4224H     00ECH     UNIT         ?PR?LED_TWOBYTES_TEST1?GPIO_INIT
            CODE    4310H     00CCH     UNIT         ?PR?LED_TWOBYTES_TEST2?GPIO_INIT
            CODE    43DCH     0093H     UNIT         ?PR?MAIN?MAIN
            CODE    446FH     008CH     UNIT         ?C_C51STARTUP
            CODE    44FBH     008CH     UNIT         ?PR?_GPIO_SETSTANDARDBIDIRECTIONAL?GPIO_INIT
            CODE    4587H     008CH     UNIT         ?PR?_GPIO_SETHIGHRESISTANCEINPUT?GPIO_INIT
            CODE    4613H     0067H     UNIT         ?PR?GPIO_INIT?GPIO_INIT
            CODE    467AH     003DH     UNIT         ?PR?UARTINIT?GPIO_INIT
            CODE    46B7H     0034H     UNIT         ?PR?_UARTSENDSTRING?GPIO_INIT
            CODE    46EBH     0033H     UNIT         ?PR?UARTISR?GPIO_INIT
            CODE    471EH     0031H     UNIT         ?C_INITSEG
            CODE    474FH     0030H     UNIT         ?PR?LED_RIGHTON_TEST?GPIO_INIT
            CODE    477FH     0029H     UNIT         ?PR?LED_OFF?GPIO_INIT
            CODE    47A8H     0025H     UNIT         ?CO?MAIN



OVERLAY MAP OF MODULE:   .\outputFiles\led12x24 (?C_STARTUP)


SEGMENT                                            PDATA_GROUP
  +--> CALLED SEGMENT                            START    LENGTH
----------------------------------------------------------------
?C_C51STARTUP                                    -----    -----
  +--> ?PR?MAIN?MAIN
  +--> ?C_INITSEG

?PR?MAIN?MAIN                                    003CH    002AH
  +--> ?CO?MAIN
  +--> ?PR?GPIO_INIT?GPIO_INIT
  +--> ?PR?UARTINIT?GPIO_INIT
  +--> ?PR?_UARTSENDSTRING?GPIO_INIT
  +--> ?PR?HELLO_CN_STR?SHOWSTRINGS
  +--> ?PR?_LED_SCREEN0_TEST?GPIO_INIT
  +--> ?PR?_LED_SCREEN1_TEST?GPIO_INIT
  +--> ?PR?_LED_SCREEN2_TEST?GPIO_INIT
  +--> ?PR?_LED_SCREEN3_TEST?GPIO_INIT

?PR?GPIO_INIT?GPIO_INIT                          -----    -----
  +--> ?PR?_GPIO_SETOPENDRAINOUTPUT?GPIO_INIT

?PR?UARTINIT?GPIO_INIT                           -----    -----
  +--> ?PR?_GPIO_SETSTANDARDBIDIRECTIONAL?GP...

?PR?_UARTSENDSTRING?GPIO_INIT                    0066H    0003H
  +--> ?PR?_UARTSENDBYTE?GPIO_INIT

?PR?_LED_SCREEN0_TEST?GPIO_INIT                  0066H    000BH
  +--> ?PR?_GPIO_SETOPENDRAINOUTPUT?GPIO_INIT
  +--> ?PR?_GPIO_SETPUSHPULLUPOUTPUT?GPIO_INIT

?PR?_GPIO_SETPUSHPULLUPOUTPUT?GPIO_INIT          -----    -----
  +--> ?PR?_GPIO_SETOPENDRAINOUTPUT?GPIO_INIT

?PR?_LED_SCREEN1_TEST?GPIO_INIT                  0066H    000BH
  +--> ?PR?_GPIO_SETOPENDRAINOUTPUT?GPIO_INIT
BL51 BANKED LINKER/LOCATER V6.22                                                      08/19/2024  08:55:07  PAGE 3


  +--> ?PR?_GPIO_SETPUSHPULLUPOUTPUT?GPIO_INIT

?PR?_LED_SCREEN2_TEST?GPIO_INIT                  0066H    000BH
  +--> ?PR?_GPIO_SETOPENDRAINOUTPUT?GPIO_INIT
  +--> ?PR?_GPIO_SETPUSHPULLUPOUTPUT?GPIO_INIT

?PR?_LED_SCREEN3_TEST?GPIO_INIT                  0066H    000BH
  +--> ?PR?_GPIO_SETOPENDRAINOUTPUT?GPIO_INIT
  +--> ?PR?_GPIO_SETPUSHPULLUPOUTPUT?GPIO_INIT

?C_INITSEG                                       -----    -----
  +--> ?CO?MAIN



SYMBOL TABLE OF MODULE:  .\outputFiles\led12x24 (?C_STARTUP)

  VALUE           TYPE          NAME
  ----------------------------------

  -------         MODULE        ?C_STARTUP
  C:446FH         SEGMENT       ?C_C51STARTUP
  I:0021H         SEGMENT       ?STACK
  C:0000H         PUBLIC        ?C_STARTUP
  D:00E0H         SYMBOL        ACC
  D:00F0H         SYMBOL        B
  D:0083H         SYMBOL        DPH
  D:0082H         SYMBOL        DPL
  N:0000H         SYMBOL        IBPSTACK
  N:0100H         SYMBOL        IBPSTACKTOP
  N:0080H         SYMBOL        IDATALEN
  C:4472H         SYMBOL        IDATALOOP
  N:0000H         SYMBOL        PBPSTACK
  N:0100H         SYMBOL        PBPSTACKTOP
  N:0000H         SYMBOL        PDATALEN
  N:0000H         SYMBOL        PDATASTART
  N:0000H         SYMBOL        PPAGE
  N:0000H         SYMBOL        PPAGEENABLE
  D:00A0H         SYMBOL        PPAGE_SFR
  D:0081H         SYMBOL        SP
  C:446FH         SYMBOL        STARTUP1
  N:0000H         SYMBOL        XBPSTACK
  N:0000H         SYMBOL        XBPSTACKTOP
  N:0000H         SYMBOL        XDATALEN
  N:0000H         SYMBOL        XDATASTART
  C:0000H         LINE#         126
  C:446FH         LINE#         133
  C:4471H         LINE#         134
  C:4472H         LINE#         135
  C:4473H         LINE#         136
  C:4475H         LINE#         185
  C:4478H         LINE#         196
  -------         ENDMOD        ?C_STARTUP

  -------         MODULE        MAIN
  C:0000H         SYMBOL        _ICE_DUMMY_
  D:0080H         PUBLIC        P0
BL51 BANKED LINKER/LOCATER V6.22                                                      08/19/2024  08:55:07  PAGE 4


  D:0090H         PUBLIC        P1
  D:00A0H         PUBLIC        P2
  D:00B0H         PUBLIC        P3
  D:00C0H         PUBLIC        P4
  D:00C8H         PUBLIC        P5
  D:00A8H         PUBLIC        IE
  D:00B8H         PUBLIC        IP
  C:43DCH         PUBLIC        main
  D:0098H         PUBLIC        SCON
  D:0088H         PUBLIC        TCON
  C:47ADH         SYMBOL        _?ix1000
  X:0000H         SYMBOL        tempCN
  X:000FH         SYMBOL        TAG
  D:00D0H         PUBLIC        PSW
  -------         PROC          MAIN
  -------         DO            
  X:003CH         SYMBOL        str
  X:005CH         SYMBOL        char_size
  X:005EH         SYMBOL        short_size
  X:0060H         SYMBOL        int_size
  X:0062H         SYMBOL        long_size
  X:0064H         SYMBOL        LedLine
  -------         ENDDO         
  C:43DCH         LINE#         19
  C:43DCH         LINE#         20
  C:43DCH         LINE#         26
  C:43EFH         LINE#         27
  C:43F6H         LINE#         28
  C:43FDH         LINE#         29
  C:4404H         LINE#         30
  C:440BH         LINE#         31
  C:4410H         LINE#         34
  C:4413H         LINE#         35
  C:4416H         LINE#         37
  C:441FH         LINE#         38
  C:441FH         LINE#         39
  C:441FH         LINE#         61
  C:442CH         LINE#         65
  C:4439H         LINE#         69
  C:4446H         LINE#         73
  C:4453H         LINE#         93
  C:445EH         LINE#         94
  C:4469H         LINE#         95
  C:446DH         LINE#         96
  -------         ENDPROC       MAIN
  -------         ENDMOD        MAIN

  -------         MODULE        GPIO_INIT
  C:0000H         SYMBOL        _ICE_DUMMY_
  D:0093H         PUBLIC        P0M1
  D:0092H         PUBLIC        P1M0
  D:0096H         PUBLIC        P2M0
  D:0091H         PUBLIC        P1M1
  D:0080H         PUBLIC        P0
  D:00B2H         PUBLIC        P3M0
  D:0095H         PUBLIC        P2M1
  D:0090H         PUBLIC        P1
BL51 BANKED LINKER/LOCATER V6.22                                                      08/19/2024  08:55:07  PAGE 5


  D:00B4H         PUBLIC        P4M0
  D:00B1H         PUBLIC        P3M1
  D:00A0H         PUBLIC        P2
  D:00CAH         PUBLIC        P5M0
  D:00B3H         PUBLIC        P4M1
  D:00B0H         PUBLIC        P3
  D:00C9H         PUBLIC        P5M1
  D:00C0H         PUBLIC        P4
  D:00C8H         PUBLIC        P5
  B:00A8H.7       PUBLIC        EA
  C:37BDH         PUBLIC        _GPIO_setSchmidtTrigger
  C:190AH         PUBLIC        _LED_screen0_test
  D:00A8H         PUBLIC        IE
  C:2579H         PUBLIC        _LED_screen1_test
  C:31B9H         PUBLIC        _LED_allON
  C:4587H         PUBLIC        _GPIO_setHighResistanceInput
  C:0026H         PUBLIC        _LED_screen2_test
  C:0C9AH         PUBLIC        _LED_screen3_test
  C:390AH         PUBLIC        _GPIO_setLevelShiftingSpeed
  B:00A8H.4       PUBLIC        ES
  C:474FH         PUBLIC        LED_rightON_test
  D:00B8H         PUBLIC        IP
  B:0098H.0       PUBLIC        RI
  B:0098H.1       PUBLIC        TI
  C:35E4H         PUBLIC        _GPIO_setPushPullupOutput
  C:3CF1H         PUBLIC        LED_leftON_test
  C:46B7H         PUBLIC        _UartSendString
  B:0080H.0       PUBLIC        P00
  D:0099H         PUBLIC        SBUF
  B:0090H.0       PUBLIC        P10
  B:0080H.1       PUBLIC        P01
  C:3BA4H         PUBLIC        LED_allON_test
  B:00A0H.0       PUBLIC        P20
  B:0090H.1       PUBLIC        P11
  B:0080H.2       PUBLIC        P02
  B:00A0H.1       PUBLIC        P21
  B:0090H.2       PUBLIC        P12
  B:0080H.3       PUBLIC        P03
  B:00A0H.2       PUBLIC        P22
  D:0098H         PUBLIC        SCON
  B:0090H.3       PUBLIC        P13
  C:467AH         PUBLIC        UartInit
  B:00A0H.3       PUBLIC        P23
  B:0090H.4       PUBLIC        P14
  D:0089H         PUBLIC        TMOD
  D:0088H         PUBLIC        TCON
  B:00B0H.3       PUBLIC        P33
  B:00A0H.4       PUBLIC        P24
  B:0090H.5       PUBLIC        P15
  B:00B0H.4       PUBLIC        P34
  B:00A0H.5       PUBLIC        P25
  B:0090H.6       PUBLIC        P16
  B:00B0H.5       PUBLIC        P35
  B:00A0H.6       PUBLIC        P26
  B:0090H.7       PUBLIC        P17
  B:00B0H.6       PUBLIC        P36
  B:00A0H.7       PUBLIC        P27
BL51 BANKED LINKER/LOCATER V6.22                                                      08/19/2024  08:55:07  PAGE 6


  B:00B0H.7       PUBLIC        P37
  C:4029H         PUBLIC        LED_twoBytes_test
  D:008EH         PUBLIC        AUXR
  C:0003H         PUBLIC        _UartSendByte
  B:0020H.0       SYMBOL        busy
  C:3A57H         PUBLIC        _GPIO_setDriveCurrent
  C:4613H         PUBLIC        GPIO_init
  X:0012H         SYMBOL        rptr
  B:00A8H.3       PUBLIC        ET1
  D:008DH         PUBLIC        TH1
  C:46EBH         SYMBOL        UartIsr
  X:0013H         SYMBOL        wptr
  D:008BH         PUBLIC        TL1
  B:0088H.6       PUBLIC        TR1
  C:44FBH         PUBLIC        _GPIO_setStandardBidirectional
  C:3670H         PUBLIC        _GPIO_setPullup
  C:4224H         PUBLIC        LED_twoBytes_test1
  C:4310H         PUBLIC        LED_twoBytes_test2
  C:477FH         PUBLIC        LED_off
  C:412DH         PUBLIC        LED_twoBytes_test3
  D:00D0H         PUBLIC        PSW
  C:3F9EH         PUBLIC        _GPIO_setOpenDrainOutput
  X:0014H         SYMBOL        buffer
  D:0094H         PUBLIC        P0M0
  -------         PROC          UARTISR
  C:46EBH         LINE#         23
  C:46F6H         LINE#         25
  C:46F9H         LINE#         26
  C:46F9H         LINE#         27
  C:46FBH         LINE#         28
  C:46FDH         LINE#         29
  C:46FDH         LINE#         30
  C:4700H         LINE#         31
  C:4700H         LINE#         32
  C:4702H         LINE#         33
  C:470FH         LINE#         34
  C:4715H         LINE#         35
  C:4715H         LINE#         36
  -------         ENDPROC       UARTISR
  C:35D8H         SYMBOL        L?0911
  C:35DAH         SYMBOL        L?0912
  C:35DCH         SYMBOL        L?0913
  -------         PROC          L?0910
  -------         ENDPROC       L?0910
  C:35D8H         SYMBOL        L?0911
  C:35DAH         SYMBOL        L?0912
  C:35DCH         SYMBOL        L?0913
  -------         PROC          _GPIO_SETPUSHPULLUPOUTPUT
  D:0001H         SYMBOL        port
  D:0005H         SYMBOL        pin
  -------         DO            
  D:0007H         SYMBOL        fr_M0
  D:0006H         SYMBOL        fr_M1
  -------         ENDDO         
  C:35E4H         LINE#         41
  C:35E6H         LINE#         42
  C:35E6H         LINE#         43
BL51 BANKED LINKER/LOCATER V6.22                                                      08/19/2024  08:55:07  PAGE 7


  C:35E6H         LINE#         44
  C:35E6H         LINE#         45
  C:35F4H         LINE#         48
  C:3608H         LINE#         49
  C:3608H         LINE#         50
  C:3608H         LINE#         51
  C:360AH         LINE#         52
  C:360CH         LINE#         53
  C:360EH         LINE#         54
  C:360EH         LINE#         55
  C:3610H         LINE#         56
  C:3612H         LINE#         57
  C:3614H         LINE#         58
  C:3614H         LINE#         59
  C:3616H         LINE#         60
  C:3618H         LINE#         61
  C:361AH         LINE#         62
  C:361AH         LINE#         63
  C:361CH         LINE#         64
  C:361EH         LINE#         65
  C:3620H         LINE#         66
  C:3620H         LINE#         67
  C:3622H         LINE#         68
  C:3624H         LINE#         69
  C:3626H         LINE#         70
  C:3626H         LINE#         71
  C:3628H         LINE#         72
  C:362AH         LINE#         73
  C:362AH         LINE#         74
  C:362AH         LINE#         76
  C:362AH         LINE#         77
  C:3638H         LINE#         78
  C:363CH         LINE#         80
  C:3650H         LINE#         81
  C:3650H         LINE#         82
  C:3650H         LINE#         83
  C:3652H         LINE#         84
  C:3654H         LINE#         85
  C:3655H         LINE#         86
  C:3655H         LINE#         87
  C:3657H         LINE#         88
  C:3659H         LINE#         89
  C:365AH         LINE#         90
  C:365AH         LINE#         91
  C:365CH         LINE#         92
  C:365EH         LINE#         93
  C:365FH         LINE#         94
  C:365FH         LINE#         95
  C:3661H         LINE#         96
  C:3663H         LINE#         97
  C:3664H         LINE#         98
  C:3664H         LINE#         99
  C:3666H         LINE#         100
  C:3668H         LINE#         101
  C:3669H         LINE#         102
  C:3669H         LINE#         103
  C:366BH         LINE#         104
BL51 BANKED LINKER/LOCATER V6.22                                                      08/19/2024  08:55:07  PAGE 8


  C:366FH         LINE#         105
  C:366FH         LINE#         106
  C:366FH         LINE#         108
  C:366FH         LINE#         110
  -------         ENDPROC       _GPIO_SETPUSHPULLUPOUTPUT
  -------         PROC          L?0914
  -------         ENDPROC       L?0914
  -------         PROC          _GPIO_SETOPENDRAINOUTPUT
  D:0001H         SYMBOL        port
  D:0005H         SYMBOL        pin
  -------         DO            
  D:0007H         SYMBOL        fr_M0
  D:0006H         SYMBOL        fr_M1
  -------         ENDDO         
  C:3F9EH         LINE#         115
  C:3FA0H         LINE#         116
  C:3FA0H         LINE#         117
  C:3FA0H         LINE#         118
  C:3FA0H         LINE#         119
  C:3FAEH         LINE#         122
  C:3FC2H         LINE#         123
  C:3FC2H         LINE#         124
  C:3FC2H         LINE#         125
  C:3FC4H         LINE#         126
  C:3FC6H         LINE#         127
  C:3FC8H         LINE#         128
  C:3FC8H         LINE#         129
  C:3FCAH         LINE#         130
  C:3FCCH         LINE#         131
  C:3FCEH         LINE#         132
  C:3FCEH         LINE#         133
  C:3FD0H         LINE#         134
  C:3FD2H         LINE#         135
  C:3FD4H         LINE#         136
  C:3FD4H         LINE#         137
  C:3FD6H         LINE#         138
  C:3FD8H         LINE#         139
  C:3FDAH         LINE#         140
  C:3FDAH         LINE#         141
  C:3FDCH         LINE#         142
  C:3FDEH         LINE#         143
  C:3FE0H         LINE#         144
  C:3FE0H         LINE#         145
  C:3FE2H         LINE#         146
  C:3FE4H         LINE#         147
  C:3FE4H         LINE#         148
  C:3FE4H         LINE#         150
  C:3FE4H         LINE#         151
  C:3FF2H         LINE#         152
  C:3FF5H         LINE#         154
  C:4009H         LINE#         155
  C:4009H         LINE#         156
  C:4009H         LINE#         157
  C:400BH         LINE#         158
  C:400DH         LINE#         159
  C:400EH         LINE#         160
  C:400EH         LINE#         161
BL51 BANKED LINKER/LOCATER V6.22                                                      08/19/2024  08:55:07  PAGE 9


  C:4010H         LINE#         162
  C:4012H         LINE#         163
  C:4013H         LINE#         164
  C:4013H         LINE#         165
  C:4015H         LINE#         166
  C:4017H         LINE#         167
  C:4018H         LINE#         168
  C:4018H         LINE#         169
  C:401AH         LINE#         170
  C:401CH         LINE#         171
  C:401DH         LINE#         172
  C:401DH         LINE#         173
  C:401FH         LINE#         174
  C:4021H         LINE#         175
  C:4022H         LINE#         176
  C:4022H         LINE#         177
  C:4024H         LINE#         178
  C:4028H         LINE#         179
  C:4028H         LINE#         180
  C:4028H         LINE#         182
  C:4028H         LINE#         184
  -------         ENDPROC       _GPIO_SETOPENDRAINOUTPUT
  -------         PROC          _GPIO_SETSTANDARDBIDIRECTIONAL
  D:0001H         SYMBOL        port
  D:0005H         SYMBOL        pin
  -------         DO            
  D:0007H         SYMBOL        fr_M0
  D:0006H         SYMBOL        fr_M1
  -------         ENDDO         
  C:44FBH         LINE#         189
  C:44FDH         LINE#         190
  C:44FDH         LINE#         191
  C:44FDH         LINE#         192
  C:44FDH         LINE#         193
  C:450BH         LINE#         196
  C:451FH         LINE#         197
  C:451FH         LINE#         198
  C:451FH         LINE#         199
  C:4521H         LINE#         200
  C:4523H         LINE#         201
  C:4525H         LINE#         202
  C:4525H         LINE#         203
  C:4527H         LINE#         204
  C:4529H         LINE#         205
  C:452BH         LINE#         206
  C:452BH         LINE#         207
  C:452DH         LINE#         208
  C:452FH         LINE#         209
  C:4531H         LINE#         210
  C:4531H         LINE#         211
  C:4533H         LINE#         212
  C:4535H         LINE#         213
  C:4537H         LINE#         214
  C:4537H         LINE#         215
  C:4539H         LINE#         216
  C:453BH         LINE#         217
  C:453DH         LINE#         218
BL51 BANKED LINKER/LOCATER V6.22                                                      08/19/2024  08:55:07  PAGE 10


  C:453DH         LINE#         219
  C:453FH         LINE#         220
  C:4541H         LINE#         221
  C:4541H         LINE#         222
  C:4541H         LINE#         224
  C:4541H         LINE#         225
  C:4550H         LINE#         226
  C:4553H         LINE#         228
  C:4567H         LINE#         229
  C:4567H         LINE#         230
  C:4567H         LINE#         231
  C:4569H         LINE#         232
  C:456BH         LINE#         233
  C:456CH         LINE#         234
  C:456CH         LINE#         235
  C:456EH         LINE#         236
  C:4570H         LINE#         237
  C:4571H         LINE#         238
  C:4571H         LINE#         239
  C:4573H         LINE#         240
  C:4575H         LINE#         241
  C:4576H         LINE#         242
  C:4576H         LINE#         243
  C:4578H         LINE#         244
  C:457AH         LINE#         245
  C:457BH         LINE#         246
  C:457BH         LINE#         247
  C:457DH         LINE#         248
  C:457FH         LINE#         249
  C:4580H         LINE#         250
  C:4580H         LINE#         251
  C:4582H         LINE#         252
  C:4586H         LINE#         253
  C:4586H         LINE#         254
  C:4586H         LINE#         256
  C:4586H         LINE#         258
  -------         ENDPROC       _GPIO_SETSTANDARDBIDIRECTIONAL
  -------         PROC          _GPIO_SETHIGHRESISTANCEINPUT
  D:0001H         SYMBOL        port
  D:0005H         SYMBOL        pin
  -------         DO            
  D:0007H         SYMBOL        fr_M0
  D:0006H         SYMBOL        fr_M1
  -------         ENDDO         
  C:4587H         LINE#         263
  C:4589H         LINE#         264
  C:4589H         LINE#         265
  C:4589H         LINE#         266
  C:4589H         LINE#         267
  C:4597H         LINE#         270
  C:45ABH         LINE#         271
  C:45ABH         LINE#         272
  C:45ABH         LINE#         273
  C:45ADH         LINE#         274
  C:45AFH         LINE#         275
  C:45B1H         LINE#         276
  C:45B1H         LINE#         277
BL51 BANKED LINKER/LOCATER V6.22                                                      08/19/2024  08:55:07  PAGE 11


  C:45B3H         LINE#         278
  C:45B5H         LINE#         279
  C:45B7H         LINE#         280
  C:45B7H         LINE#         281
  C:45B9H         LINE#         282
  C:45BBH         LINE#         283
  C:45BDH         LINE#         284
  C:45BDH         LINE#         285
  C:45BFH         LINE#         286
  C:45C1H         LINE#         287
  C:45C3H         LINE#         288
  C:45C3H         LINE#         289
  C:45C5H         LINE#         290
  C:45C7H         LINE#         291
  C:45C9H         LINE#         292
  C:45C9H         LINE#         293
  C:45CBH         LINE#         294
  C:45CDH         LINE#         295
  C:45CDH         LINE#         296
  C:45CDH         LINE#         298
  C:45CDH         LINE#         299
  C:45DCH         LINE#         300
  C:45DFH         LINE#         302
  C:45F3H         LINE#         303
  C:45F3H         LINE#         304
  C:45F3H         LINE#         305
  C:45F5H         LINE#         306
  C:45F7H         LINE#         307
  C:45F8H         LINE#         308
  C:45F8H         LINE#         309
  C:45FAH         LINE#         310
  C:45FCH         LINE#         311
  C:45FDH         LINE#         312
  C:45FDH         LINE#         313
  C:45FFH         LINE#         314
  C:4601H         LINE#         315
  C:4602H         LINE#         316
  C:4602H         LINE#         317
  C:4604H         LINE#         318
  C:4606H         LINE#         319
  C:4607H         LINE#         320
  C:4607H         LINE#         321
  C:4609H         LINE#         322
  C:460BH         LINE#         323
  C:460CH         LINE#         324
  C:460CH         LINE#         325
  C:460EH         LINE#         326
  C:4612H         LINE#         327
  C:4612H         LINE#         328
  C:4612H         LINE#         330
  C:4612H         LINE#         332
  -------         ENDPROC       _GPIO_SETHIGHRESISTANCEINPUT
  -------         PROC          _GPIO_SETPULLUP
  D:0001H         SYMBOL        port
  D:0005H         SYMBOL        pin
  D:0003H         SYMBOL        en
  -------         DO            
BL51 BANKED LINKER/LOCATER V6.22                                                      08/19/2024  08:55:07  PAGE 12


  D:0006H         SYMBOL        fr_status
  -------         ENDDO         
  C:3670H         LINE#         338
  C:3672H         LINE#         341
  C:3672H         LINE#         343
  C:3678H         LINE#         344
  C:3678H         LINE#         345
  C:3678H         LINE#         346
  C:3692H         LINE#         347
  C:3692H         LINE#         348
  C:3692H         LINE#         349
  C:3697H         LINE#         350
  C:36A4H         LINE#         351
  C:36A8H         LINE#         352
  C:36AAH         LINE#         353
  C:36AAH         LINE#         354
  C:36AFH         LINE#         355
  C:36BCH         LINE#         356
  C:36C0H         LINE#         357
  C:36C2H         LINE#         358
  C:36C2H         LINE#         359
  C:36C7H         LINE#         360
  C:36D4H         LINE#         361
  C:36D8H         LINE#         362
  C:36DAH         LINE#         363
  C:36DAH         LINE#         364
  C:36DFH         LINE#         365
  C:36ECH         LINE#         366
  C:36F0H         LINE#         367
  C:36F2H         LINE#         368
  C:36F2H         LINE#         369
  C:36F7H         LINE#         370
  C:3704H         LINE#         371
  C:3708H         LINE#         372
  C:370AH         LINE#         373
  C:370AH         LINE#         374
  C:370FH         LINE#         375
  C:371CH         LINE#         376
  C:3720H         LINE#         377
  C:3720H         LINE#         378
  C:3720H         LINE#         379
  C:3720H         LINE#         380
  C:3720H         LINE#         381
  C:3720H         LINE#         382
  C:3737H         LINE#         383
  C:3737H         LINE#         384
  C:3737H         LINE#         385
  C:373CH         LINE#         386
  C:3748H         LINE#         387
  C:374CH         LINE#         388
  C:374DH         LINE#         389
  C:374DH         LINE#         390
  C:3752H         LINE#         391
  C:375EH         LINE#         392
  C:3762H         LINE#         393
  C:3763H         LINE#         394
  C:3763H         LINE#         395
BL51 BANKED LINKER/LOCATER V6.22                                                      08/19/2024  08:55:07  PAGE 13


  C:3768H         LINE#         396
  C:3774H         LINE#         397
  C:3778H         LINE#         398
  C:3779H         LINE#         399
  C:3779H         LINE#         400
  C:377EH         LINE#         401
  C:378AH         LINE#         402
  C:378EH         LINE#         403
  C:378FH         LINE#         404
  C:378FH         LINE#         405
  C:3794H         LINE#         406
  C:37A0H         LINE#         407
  C:37A4H         LINE#         408
  C:37A5H         LINE#         409
  C:37A5H         LINE#         410
  C:37AAH         LINE#         411
  C:37B8H         LINE#         412
  C:37BCH         LINE#         413
  C:37BCH         LINE#         414
  C:37BCH         LINE#         415
  C:37BCH         LINE#         416
  C:37BCH         LINE#         417
  C:37BCH         LINE#         419
  -------         ENDPROC       _GPIO_SETPULLUP
  -------         PROC          _GPIO_SETSCHMIDTTRIGGER
  D:0001H         SYMBOL        port
  D:0005H         SYMBOL        pin
  D:0003H         SYMBOL        en
  -------         DO            
  D:0006H         SYMBOL        fr_status
  -------         ENDDO         
  C:37BDH         LINE#         426
  C:37BFH         LINE#         429
  C:37BFH         LINE#         431
  C:37C5H         LINE#         432
  C:37C5H         LINE#         433
  C:37C5H         LINE#         434
  C:37DFH         LINE#         435
  C:37DFH         LINE#         436
  C:37DFH         LINE#         437
  C:37E4H         LINE#         438
  C:37F1H         LINE#         439
  C:37F5H         LINE#         440
  C:37F7H         LINE#         441
  C:37F7H         LINE#         442
  C:37FCH         LINE#         443
  C:3809H         LINE#         444
  C:380DH         LINE#         445
  C:380FH         LINE#         446
  C:380FH         LINE#         447
  C:3814H         LINE#         448
  C:3821H         LINE#         449
  C:3825H         LINE#         450
  C:3827H         LINE#         451
  C:3827H         LINE#         452
  C:382CH         LINE#         453
  C:3839H         LINE#         454
BL51 BANKED LINKER/LOCATER V6.22                                                      08/19/2024  08:55:07  PAGE 14


  C:383DH         LINE#         455
  C:383FH         LINE#         456
  C:383FH         LINE#         457
  C:3844H         LINE#         458
  C:3851H         LINE#         459
  C:3855H         LINE#         460
  C:3857H         LINE#         461
  C:3857H         LINE#         462
  C:385CH         LINE#         463
  C:3869H         LINE#         464
  C:386DH         LINE#         465
  C:386DH         LINE#         466
  C:386DH         LINE#         467
  C:386DH         LINE#         468
  C:386DH         LINE#         469
  C:386DH         LINE#         470
  C:3884H         LINE#         471
  C:3884H         LINE#         472
  C:3884H         LINE#         473
  C:3889H         LINE#         474
  C:3895H         LINE#         475
  C:3899H         LINE#         476
  C:389AH         LINE#         477
  C:389AH         LINE#         478
  C:389FH         LINE#         479
  C:38ABH         LINE#         480
  C:38AFH         LINE#         481
  C:38B0H         LINE#         482
  C:38B0H         LINE#         483
  C:38B5H         LINE#         484
  C:38C1H         LINE#         485
  C:38C5H         LINE#         486
  C:38C6H         LINE#         487
  C:38C6H         LINE#         488
  C:38CBH         LINE#         489
  C:38D7H         LINE#         490
  C:38DBH         LINE#         491
  C:38DCH         LINE#         492
  C:38DCH         LINE#         493
  C:38E1H         LINE#         494
  C:38EDH         LINE#         495
  C:38F1H         LINE#         496
  C:38F2H         LINE#         497
  C:38F2H         LINE#         498
  C:38F7H         LINE#         499
  C:3905H         LINE#         500
  C:3909H         LINE#         501
  C:3909H         LINE#         502
  C:3909H         LINE#         503
  C:3909H         LINE#         504
  C:3909H         LINE#         505
  C:3909H         LINE#         507
  -------         ENDPROC       _GPIO_SETSCHMIDTTRIGGER
  -------         PROC          _GPIO_SETLEVELSHIFTINGSPEED
  D:0001H         SYMBOL        port
  D:0005H         SYMBOL        pin
  D:0003H         SYMBOL        en
BL51 BANKED LINKER/LOCATER V6.22                                                      08/19/2024  08:55:07  PAGE 15


  -------         DO            
  D:0006H         SYMBOL        fr_status
  -------         ENDDO         
  C:390AH         LINE#         513
  C:390CH         LINE#         516
  C:390CH         LINE#         518
  C:3912H         LINE#         519
  C:3912H         LINE#         520
  C:3912H         LINE#         521
  C:392CH         LINE#         522
  C:392CH         LINE#         523
  C:392CH         LINE#         524
  C:3931H         LINE#         525
  C:393EH         LINE#         526
  C:3942H         LINE#         527
  C:3944H         LINE#         528
  C:3944H         LINE#         529
  C:3949H         LINE#         530
  C:3956H         LINE#         531
  C:395AH         LINE#         532
  C:395CH         LINE#         533
  C:395CH         LINE#         534
  C:3961H         LINE#         535
  C:396EH         LINE#         536
  C:3972H         LINE#         537
  C:3974H         LINE#         538
  C:3974H         LINE#         539
  C:3979H         LINE#         540
  C:3986H         LINE#         541
  C:398AH         LINE#         542
  C:398CH         LINE#         543
  C:398CH         LINE#         544
  C:3991H         LINE#         545
  C:399EH         LINE#         546
  C:39A2H         LINE#         547
  C:39A4H         LINE#         548
  C:39A4H         LINE#         549
  C:39A9H         LINE#         550
  C:39B6H         LINE#         551
  C:39BAH         LINE#         552
  C:39BAH         LINE#         553
  C:39BAH         LINE#         554
  C:39BAH         LINE#         555
  C:39BAH         LINE#         556
  C:39BAH         LINE#         557
  C:39D1H         LINE#         558
  C:39D1H         LINE#         559
  C:39D1H         LINE#         560
  C:39D6H         LINE#         561
  C:39E2H         LINE#         562
  C:39E6H         LINE#         563
  C:39E7H         LINE#         564
  C:39E7H         LINE#         565
  C:39ECH         LINE#         566
  C:39F8H         LINE#         567
  C:39FCH         LINE#         568
  C:39FDH         LINE#         569
BL51 BANKED LINKER/LOCATER V6.22                                                      08/19/2024  08:55:07  PAGE 16


  C:39FDH         LINE#         570
  C:3A02H         LINE#         571
  C:3A0EH         LINE#         572
  C:3A12H         LINE#         573
  C:3A13H         LINE#         574
  C:3A13H         LINE#         575
  C:3A18H         LINE#         576
  C:3A24H         LINE#         577
  C:3A28H         LINE#         578
  C:3A29H         LINE#         579
  C:3A29H         LINE#         580
  C:3A2EH         LINE#         581
  C:3A3AH         LINE#         582
  C:3A3EH         LINE#         583
  C:3A3FH         LINE#         584
  C:3A3FH         LINE#         585
  C:3A44H         LINE#         586
  C:3A52H         LINE#         587
  C:3A56H         LINE#         588
  C:3A56H         LINE#         589
  C:3A56H         LINE#         590
  C:3A56H         LINE#         591
  C:3A56H         LINE#         592
  C:3A56H         LINE#         594
  -------         ENDPROC       _GPIO_SETLEVELSHIFTINGSPEED
  -------         PROC          _GPIO_SETDRIVECURRENT
  D:0001H         SYMBOL        port
  D:0005H         SYMBOL        pin
  D:0003H         SYMBOL        en
  -------         DO            
  D:0006H         SYMBOL        fr_status
  -------         ENDDO         
  C:3A57H         LINE#         600
  C:3A59H         LINE#         603
  C:3A59H         LINE#         605
  C:3A5FH         LINE#         606
  C:3A5FH         LINE#         607
  C:3A5FH         LINE#         608
  C:3A79H         LINE#         609
  C:3A79H         LINE#         610
  C:3A79H         LINE#         611
  C:3A7EH         LINE#         612
  C:3A8BH         LINE#         613
  C:3A8FH         LINE#         614
  C:3A91H         LINE#         615
  C:3A91H         LINE#         616
  C:3A96H         LINE#         617
  C:3AA3H         LINE#         618
  C:3AA7H         LINE#         619
  C:3AA9H         LINE#         620
  C:3AA9H         LINE#         621
  C:3AAEH         LINE#         622
  C:3ABBH         LINE#         623
  C:3ABFH         LINE#         624
  C:3AC1H         LINE#         625
  C:3AC1H         LINE#         626
  C:3AC6H         LINE#         627
BL51 BANKED LINKER/LOCATER V6.22                                                      08/19/2024  08:55:07  PAGE 17


  C:3AD3H         LINE#         628
  C:3AD7H         LINE#         629
  C:3AD9H         LINE#         630
  C:3AD9H         LINE#         631
  C:3ADEH         LINE#         632
  C:3AEBH         LINE#         633
  C:3AEFH         LINE#         634
  C:3AF1H         LINE#         635
  C:3AF1H         LINE#         636
  C:3AF6H         LINE#         637
  C:3B03H         LINE#         638
  C:3B07H         LINE#         639
  C:3B07H         LINE#         640
  C:3B07H         LINE#         641
  C:3B07H         LINE#         642
  C:3B07H         LINE#         643
  C:3B07H         LINE#         644
  C:3B1EH         LINE#         645
  C:3B1EH         LINE#         646
  C:3B1EH         LINE#         647
  C:3B23H         LINE#         648
  C:3B2FH         LINE#         649
  C:3B33H         LINE#         650
  C:3B34H         LINE#         651
  C:3B34H         LINE#         652
  C:3B39H         LINE#         653
  C:3B45H         LINE#         654
  C:3B49H         LINE#         655
  C:3B4AH         LINE#         656
  C:3B4AH         LINE#         657
  C:3B4FH         LINE#         658
  C:3B5BH         LINE#         659
  C:3B5FH         LINE#         660
  C:3B60H         LINE#         661
  C:3B60H         LINE#         662
  C:3B65H         LINE#         663
  C:3B71H         LINE#         664
  C:3B75H         LINE#         665
  C:3B76H         LINE#         666
  C:3B76H         LINE#         667
  C:3B7BH         LINE#         668
  C:3B87H         LINE#         669
  C:3B8BH         LINE#         670
  C:3B8CH         LINE#         671
  C:3B8CH         LINE#         672
  C:3B91H         LINE#         673
  C:3B9FH         LINE#         674
  C:3BA3H         LINE#         675
  C:3BA3H         LINE#         676
  C:3BA3H         LINE#         677
  C:3BA3H         LINE#         678
  C:3BA3H         LINE#         679
  C:3BA3H         LINE#         681
  -------         ENDPROC       _GPIO_SETDRIVECURRENT
  -------         PROC          UARTINIT
  -------         DO            
  D:0007H         SYMBOL        fr_status
BL51 BANKED LINKER/LOCATER V6.22                                                      08/19/2024  08:55:07  PAGE 18


  -------         ENDDO         
  C:467AH         LINE#         686
  C:467AH         LINE#         687
  C:467AH         LINE#         704
  C:4681H         LINE#         705
  C:4687H         LINE#         707
  C:4689H         LINE#         708
  C:468CH         LINE#         709
  C:468EH         LINE#         710
  C:4690H         LINE#         712
  C:4692H         LINE#         713
  C:4695H         LINE#         714
  C:4697H         LINE#         715
  C:4699H         LINE#         717
  C:469BH         LINE#         718
  C:469EH         LINE#         719
  C:46A0H         LINE#         721
  C:46A3H         LINE#         722
  C:46A6H         LINE#         723
  C:46A8H         LINE#         724
  C:46AAH         LINE#         725
  C:46ACH         LINE#         726
  C:46AEH         LINE#         728
  C:46B2H         LINE#         729
  C:46B4H         LINE#         730
  C:46B6H         LINE#         731
  -------         ENDPROC       UARTINIT
  -------         PROC          _UARTSENDBYTE
  D:0007H         SYMBOL        ch
  C:0003H         LINE#         735
  C:0003H         LINE#         736
  C:0003H         LINE#         737
  C:0006H         LINE#         739
  C:0008H         LINE#         740
  C:000AH         LINE#         741
  -------         ENDPROC       _UARTSENDBYTE
  -------         PROC          _UARTSENDSTRING
  X:0066H         SYMBOL        str
  C:46B7H         LINE#         745
  C:46C1H         LINE#         746
  C:46C1H         LINE#         747
  C:46D0H         LINE#         748
  C:46D0H         LINE#         749
  C:46E8H         LINE#         750
  C:46EAH         LINE#         751
  -------         ENDPROC       _UARTSENDSTRING
  -------         PROC          GPIO_INIT
  -------         DO            
  D:0007H         SYMBOL        output_turbo
  D:0006H         SYMBOL        IO_speed
  -------         ENDDO         
  C:4613H         LINE#         784
  C:4613H         LINE#         785
  C:4613H         LINE#         786
  C:4613H         LINE#         787
  C:4613H         LINE#         791
  C:4616H         LINE#         792
BL51 BANKED LINKER/LOCATER V6.22                                                      08/19/2024  08:55:07  PAGE 19


  C:4619H         LINE#         793
  C:461CH         LINE#         795
  C:461FH         LINE#         796
  C:4621H         LINE#         797
  C:4624H         LINE#         799
  C:4627H         LINE#         800
  C:4629H         LINE#         801
  C:462CH         LINE#         803
  C:462FH         LINE#         804
  C:4631H         LINE#         805
  C:4634H         LINE#         807
  C:4634H         LINE#         808
  C:4638H         LINE#         809
  C:463AH         LINE#         810
  C:463CH         LINE#         811
  C:4641H         LINE#         812
  C:4643H         LINE#         813
  C:4648H         LINE#         815
  C:4649H         LINE#         816
  C:464DH         LINE#         817
  C:464FH         LINE#         818
  C:4651H         LINE#         819
  C:4656H         LINE#         820
  C:4658H         LINE#         821
  C:465DH         LINE#         823
  C:465DH         LINE#         824
  C:465DH         LINE#         825
  C:465DH         LINE#         826
  C:465DH         LINE#         827
  C:465DH         LINE#         828
  C:465DH         LINE#         829
  C:465DH         LINE#         830
  C:465DH         LINE#         831
  C:465DH         LINE#         832
  C:465DH         LINE#         833
  C:465DH         LINE#         834
  C:465DH         LINE#         835
  C:465DH         LINE#         836
  C:465DH         LINE#         837
  C:465DH         LINE#         838
  C:465DH         LINE#         839
  C:465DH         LINE#         840
  C:465DH         LINE#         841
  C:465DH         LINE#         842
  C:465DH         LINE#         843
  C:4660H         LINE#         844
  C:4667H         LINE#         845
  C:466DH         LINE#         846
  C:4673H         LINE#         847
  C:4679H         LINE#         850
  -------         ENDPROC       GPIO_INIT
  -------         PROC          LED_OFF
  C:477FH         LINE#         852
  C:477FH         LINE#         853
  C:477FH         LINE#         854
  C:477FH         LINE#         855
  C:477FH         LINE#         856
BL51 BANKED LINKER/LOCATER V6.22                                                      08/19/2024  08:55:07  PAGE 20


  C:477FH         LINE#         857
  C:477FH         LINE#         858
  C:477FH         LINE#         859
  C:477FH         LINE#         860
  C:477FH         LINE#         861
  C:477FH         LINE#         862
  C:477FH         LINE#         863
  C:477FH         LINE#         864
  C:477FH         LINE#         865
  C:477FH         LINE#         866
  C:477FH         LINE#         867
  C:477FH         LINE#         868
  C:477FH         LINE#         869
  C:477FH         LINE#         870
  C:477FH         LINE#         871
  C:477FH         LINE#         872
  C:477FH         LINE#         873
  C:477FH         LINE#         874
  C:4782H         LINE#         875
  C:4789H         LINE#         876
  C:478FH         LINE#         877
  C:4795H         LINE#         878
  C:479BH         LINE#         880
  C:479EH         LINE#         881
  C:47A1H         LINE#         882
  C:47A4H         LINE#         883
  C:47A7H         LINE#         884
  -------         ENDPROC       LED_OFF
  -------         PROC          _LED_ALLON
  D:0007H         SYMBOL        LED_line
  C:31B9H         LINE#         890
  C:31B9H         LINE#         891
  C:31B9H         LINE#         892
  C:3214H         LINE#         893
  C:3214H         LINE#         894
  C:3214H         LINE#         895
  C:321BH         LINE#         896
  C:3221H         LINE#         897
  C:3224H         LINE#         898
  C:3226H         LINE#         899
  C:3229H         LINE#         900
  C:322CH         LINE#         901
  C:322EH         LINE#         902
  C:3230H         LINE#         903
  C:3231H         LINE#         904
  C:3231H         LINE#         905
  C:3237H         LINE#         906
  C:323DH         LINE#         907
  C:3240H         LINE#         908
  C:3242H         LINE#         909
  C:3245H         LINE#         910
  C:3248H         LINE#         911
  C:324AH         LINE#         912
  C:324CH         LINE#         913
  C:324DH         LINE#         914
  C:324DH         LINE#         915
  C:3254H         LINE#         916
BL51 BANKED LINKER/LOCATER V6.22                                                      08/19/2024  08:55:07  PAGE 21


  C:325AH         LINE#         917
  C:325DH         LINE#         918
  C:325FH         LINE#         919
  C:3262H         LINE#         920
  C:3265H         LINE#         921
  C:3267H         LINE#         922
  C:3269H         LINE#         923
  C:326AH         LINE#         924
  C:326AH         LINE#         925
  C:3271H         LINE#         926
  C:3277H         LINE#         927
  C:327AH         LINE#         928
  C:327CH         LINE#         929
  C:327FH         LINE#         930
  C:3282H         LINE#         931
  C:3284H         LINE#         932
  C:3286H         LINE#         933
  C:3287H         LINE#         934
  C:3287H         LINE#         935
  C:328EH         LINE#         936
  C:3294H         LINE#         937
  C:3297H         LINE#         938
  C:3299H         LINE#         939
  C:329CH         LINE#         940
  C:329FH         LINE#         941
  C:32A1H         LINE#         942
  C:32A3H         LINE#         943
  C:32A4H         LINE#         944
  C:32A4H         LINE#         945
  C:32ABH         LINE#         946
  C:32B1H         LINE#         947
  C:32B4H         LINE#         948
  C:32B6H         LINE#         949
  C:32B9H         LINE#         950
  C:32BCH         LINE#         951
  C:32BEH         LINE#         952
  C:32C0H         LINE#         953
  C:32C1H         LINE#         954
  C:32C1H         LINE#         955
  C:32C8H         LINE#         956
  C:32CEH         LINE#         957
  C:32D1H         LINE#         958
  C:32D3H         LINE#         959
  C:32D6H         LINE#         960
  C:32D9H         LINE#         961
  C:32DBH         LINE#         962
  C:32DDH         LINE#         963
  C:32DEH         LINE#         964
  C:32DEH         LINE#         965
  C:32E5H         LINE#         966
  C:32EBH         LINE#         967
  C:32EEH         LINE#         968
  C:32F0H         LINE#         969
  C:32F3H         LINE#         970
  C:32F6H         LINE#         971
  C:32F8H         LINE#         972
  C:32FAH         LINE#         973
BL51 BANKED LINKER/LOCATER V6.22                                                      08/19/2024  08:55:07  PAGE 22


  C:32FBH         LINE#         974
  C:32FBH         LINE#         975
  C:3302H         LINE#         976
  C:3309H         LINE#         977
  C:330CH         LINE#         978
  C:330EH         LINE#         979
  C:3311H         LINE#         980
  C:3314H         LINE#         981
  C:3316H         LINE#         982
  C:3318H         LINE#         983
  C:3319H         LINE#         984
  C:3319H         LINE#         985
  C:331BH         LINE#         986
  C:331EH         LINE#         987
  C:3321H         LINE#         988
  C:3323H         LINE#         989
  C:3326H         LINE#         990
  C:3329H         LINE#         991
  C:332BH         LINE#         992
  C:332DH         LINE#         993
  C:332EH         LINE#         994
  C:332EH         LINE#         995
  C:3330H         LINE#         996
  C:3333H         LINE#         997
  C:3336H         LINE#         998
  C:3338H         LINE#         999
  C:333BH         LINE#         1000
  C:333EH         LINE#         1001
  C:3340H         LINE#         1002
  C:3342H         LINE#         1003
  C:3343H         LINE#         1004
  C:3343H         LINE#         1005
  C:3345H         LINE#         1006
  C:3348H         LINE#         1007
  C:334BH         LINE#         1008
  C:334DH         LINE#         1009
  C:3350H         LINE#         1010
  C:3353H         LINE#         1011
  C:3355H         LINE#         1012
  C:3357H         LINE#         1013
  C:3358H         LINE#         1014
  C:3358H         LINE#         1015
  C:335FH         LINE#         1016
  C:3366H         LINE#         1017
  C:3369H         LINE#         1018
  C:336BH         LINE#         1019
  C:336EH         LINE#         1020
  C:3371H         LINE#         1021
  C:3373H         LINE#         1022
  C:3375H         LINE#         1023
  C:3376H         LINE#         1024
  C:3376H         LINE#         1025
  C:337DH         LINE#         1026
  C:3383H         LINE#         1027
  C:3386H         LINE#         1028
  C:3388H         LINE#         1029
  C:338BH         LINE#         1030
BL51 BANKED LINKER/LOCATER V6.22                                                      08/19/2024  08:55:07  PAGE 23


  C:338EH         LINE#         1031
  C:3390H         LINE#         1032
  C:3392H         LINE#         1033
  C:3393H         LINE#         1034
  C:3393H         LINE#         1035
  C:339AH         LINE#         1036
  C:33A0H         LINE#         1037
  C:33A3H         LINE#         1038
  C:33A5H         LINE#         1039
  C:33A8H         LINE#         1040
  C:33ABH         LINE#         1041
  C:33ADH         LINE#         1042
  C:33AFH         LINE#         1043
  C:33B0H         LINE#         1044
  C:33B0H         LINE#         1045
  C:33B7H         LINE#         1046
  C:33BDH         LINE#         1047
  C:33C0H         LINE#         1048
  C:33C2H         LINE#         1049
  C:33C5H         LINE#         1050
  C:33C8H         LINE#         1051
  C:33CAH         LINE#         1052
  C:33CCH         LINE#         1053
  C:33CDH         LINE#         1054
  C:33CDH         LINE#         1055
  C:33D4H         LINE#         1056
  C:33DAH         LINE#         1057
  C:33DDH         LINE#         1058
  C:33DFH         LINE#         1059
  C:33E2H         LINE#         1060
  C:33E5H         LINE#         1061
  C:33E7H         LINE#         1062
  C:33E9H         LINE#         1063
  C:33EAH         LINE#         1064
  C:33EAH         LINE#         1065
  C:33F1H         LINE#         1066
  C:33F7H         LINE#         1067
  C:33FAH         LINE#         1068
  C:33FCH         LINE#         1069
  C:33FFH         LINE#         1070
  C:3402H         LINE#         1071
  C:3404H         LINE#         1072
  C:3406H         LINE#         1073
  C:3407H         LINE#         1074
  C:3407H         LINE#         1075
  C:340EH         LINE#         1076
  C:3414H         LINE#         1077
  C:3417H         LINE#         1078
  C:3419H         LINE#         1079
  C:341CH         LINE#         1080
  C:341FH         LINE#         1081
  C:3421H         LINE#         1082
  C:3423H         LINE#         1083
  C:3424H         LINE#         1084
  C:3424H         LINE#         1085
  C:342BH         LINE#         1086
  C:3431H         LINE#         1087
BL51 BANKED LINKER/LOCATER V6.22                                                      08/19/2024  08:55:07  PAGE 24


  C:3434H         LINE#         1088
  C:3436H         LINE#         1089
  C:3439H         LINE#         1090
  C:343CH         LINE#         1091
  C:343EH         LINE#         1092
  C:3440H         LINE#         1093
  C:3441H         LINE#         1094
  C:3441H         LINE#         1095
  C:3448H         LINE#         1096
  C:344FH         LINE#         1097
  C:3452H         LINE#         1098
  C:3454H         LINE#         1099
  C:3457H         LINE#         1100
  C:345AH         LINE#         1101
  C:345CH         LINE#         1102
  C:345EH         LINE#         1103
  C:345FH         LINE#         1104
  C:345FH         LINE#         1105
  C:3461H         LINE#         1106
  C:3464H         LINE#         1107
  C:3467H         LINE#         1108
  C:3469H         LINE#         1109
  C:346CH         LINE#         1110
  C:346FH         LINE#         1111
  C:3471H         LINE#         1112
  C:3473H         LINE#         1113
  C:3474H         LINE#         1114
  C:3474H         LINE#         1115
  C:3476H         LINE#         1116
  C:3479H         LINE#         1117
  C:347CH         LINE#         1118
  C:347EH         LINE#         1119
  C:3481H         LINE#         1120
  C:3484H         LINE#         1121
  C:3486H         LINE#         1122
  C:3488H         LINE#         1123
  C:3489H         LINE#         1124
  C:3489H         LINE#         1125
  C:348BH         LINE#         1126
  C:348EH         LINE#         1127
  C:3491H         LINE#         1128
  C:3493H         LINE#         1129
  C:3496H         LINE#         1130
  C:3499H         LINE#         1131
  C:349BH         LINE#         1132
  C:349DH         LINE#         1133
  C:349EH         LINE#         1134
  C:349EH         LINE#         1135
  C:34A5H         LINE#         1136
  C:34ACH         LINE#         1137
  C:34AFH         LINE#         1138
  C:34B1H         LINE#         1139
  C:34B4H         LINE#         1140
  C:34B7H         LINE#         1141
  C:34B9H         LINE#         1142
  C:34BBH         LINE#         1143
  C:34BBH         LINE#         1145
BL51 BANKED LINKER/LOCATER V6.22                                                      08/19/2024  08:55:07  PAGE 25


  C:34BBH         LINE#         1147
  C:34BBH         LINE#         1149
  -------         ENDPROC       _LED_ALLON
  -------         PROC          LED_ALLON_TEST
  C:3BA4H         LINE#         1154
  C:3BA4H         LINE#         1155
  C:3BA4H         LINE#         1156
  C:3BABH         LINE#         1157
  C:3BB1H         LINE#         1158
  C:3BB4H         LINE#         1159
  C:3BB6H         LINE#         1160
  C:3BB9H         LINE#         1161
  C:3BBCH         LINE#         1162
  C:3BBEH         LINE#         1163
  C:3BC0H         LINE#         1165
  C:3BC4H         LINE#         1166
  C:3BCAH         LINE#         1167
  C:3BCDH         LINE#         1168
  C:3BCFH         LINE#         1169
  C:3BD2H         LINE#         1170
  C:3BD5H         LINE#         1171
  C:3BD7H         LINE#         1172
  C:3BD9H         LINE#         1174
  C:3BDDH         LINE#         1175
  C:3BE3H         LINE#         1176
  C:3BE6H         LINE#         1177
  C:3BE8H         LINE#         1178
  C:3BEBH         LINE#         1179
  C:3BEEH         LINE#         1180
  C:3BF0H         LINE#         1181
  C:3BF2H         LINE#         1183
  C:3BF6H         LINE#         1184
  C:3BFCH         LINE#         1185
  C:3BFFH         LINE#         1186
  C:3C01H         LINE#         1187
  C:3C04H         LINE#         1188
  C:3C07H         LINE#         1189
  C:3C09H         LINE#         1190
  C:3C0BH         LINE#         1192
  C:3C0FH         LINE#         1193
  C:3C15H         LINE#         1194
  C:3C18H         LINE#         1195
  C:3C1AH         LINE#         1196
  C:3C1DH         LINE#         1197
  C:3C20H         LINE#         1198
  C:3C22H         LINE#         1199
  C:3C24H         LINE#         1201
  C:3C29H         LINE#         1202
  C:3C2FH         LINE#         1203
  C:3C32H         LINE#         1204
  C:3C34H         LINE#         1205
  C:3C37H         LINE#         1206
  C:3C3AH         LINE#         1207
  C:3C3CH         LINE#         1208
  C:3C3EH         LINE#         1210
  C:3C43H         LINE#         1211
  C:3C49H         LINE#         1212
BL51 BANKED LINKER/LOCATER V6.22                                                      08/19/2024  08:55:07  PAGE 26


  C:3C4CH         LINE#         1213
  C:3C4EH         LINE#         1214
  C:3C51H         LINE#         1215
  C:3C54H         LINE#         1216
  C:3C56H         LINE#         1217
  C:3C58H         LINE#         1219
  C:3C5DH         LINE#         1220
  C:3C63H         LINE#         1221
  C:3C66H         LINE#         1222
  C:3C68H         LINE#         1223
  C:3C6BH         LINE#         1224
  C:3C6EH         LINE#         1225
  C:3C70H         LINE#         1226
  C:3C72H         LINE#         1228
  C:3C77H         LINE#         1229
  C:3C7EH         LINE#         1230
  C:3C81H         LINE#         1231
  C:3C83H         LINE#         1232
  C:3C86H         LINE#         1233
  C:3C89H         LINE#         1234
  C:3C8BH         LINE#         1235
  C:3C8DH         LINE#         1237
  C:3C8DH         LINE#         1238
  C:3C90H         LINE#         1239
  C:3C93H         LINE#         1240
  C:3C95H         LINE#         1241
  C:3C98H         LINE#         1242
  C:3C9BH         LINE#         1243
  C:3C9DH         LINE#         1244
  C:3C9FH         LINE#         1246
  C:3C9FH         LINE#         1247
  C:3CA2H         LINE#         1248
  C:3CA5H         LINE#         1249
  C:3CA7H         LINE#         1250
  C:3CAAH         LINE#         1251
  C:3CADH         LINE#         1252
  C:3CAFH         LINE#         1253
  C:3CB1H         LINE#         1255
  C:3CB1H         LINE#         1256
  C:3CB4H         LINE#         1257
  C:3CB7H         LINE#         1258
  C:3CB9H         LINE#         1259
  C:3CBCH         LINE#         1260
  C:3CBFH         LINE#         1261
  C:3CC1H         LINE#         1262
  C:3CC3H         LINE#         1264
  C:3CC3H         LINE#         1265
  C:3CC3H         LINE#         1266
  C:3CC3H         LINE#         1267
  C:3CC3H         LINE#         1268
  C:3CC3H         LINE#         1269
  C:3CC3H         LINE#         1270
  C:3CC3H         LINE#         1271
  C:3CC3H         LINE#         1273
  C:3CC3H         LINE#         1274
  C:3CC3H         LINE#         1275
  C:3CC3H         LINE#         1276
BL51 BANKED LINKER/LOCATER V6.22                                                      08/19/2024  08:55:07  PAGE 27


  C:3CC3H         LINE#         1277
  C:3CC3H         LINE#         1278
  C:3CC3H         LINE#         1279
  C:3CC3H         LINE#         1280
  C:3CC3H         LINE#         1282
  C:3CC3H         LINE#         1283
  C:3CC3H         LINE#         1284
  C:3CC3H         LINE#         1285
  C:3CC3H         LINE#         1286
  C:3CC3H         LINE#         1287
  C:3CC3H         LINE#         1288
  C:3CC3H         LINE#         1289
  C:3CC3H         LINE#         1291
  C:3CC3H         LINE#         1292
  C:3CC3H         LINE#         1293
  C:3CC3H         LINE#         1294
  C:3CC3H         LINE#         1295
  C:3CC3H         LINE#         1296
  C:3CC3H         LINE#         1297
  C:3CC3H         LINE#         1298
  C:3CC3H         LINE#         1300
  C:3CC3H         LINE#         1301
  C:3CC3H         LINE#         1302
  C:3CC3H         LINE#         1303
  C:3CC3H         LINE#         1304
  C:3CC3H         LINE#         1305
  C:3CC3H         LINE#         1306
  C:3CC3H         LINE#         1307
  C:3CC3H         LINE#         1309
  C:3CC3H         LINE#         1310
  C:3CC3H         LINE#         1311
  C:3CC3H         LINE#         1312
  C:3CC3H         LINE#         1313
  C:3CC3H         LINE#         1314
  C:3CC3H         LINE#         1315
  C:3CC3H         LINE#         1316
  C:3CC3H         LINE#         1318
  C:3CC3H         LINE#         1319
  C:3CC3H         LINE#         1320
  C:3CC3H         LINE#         1321
  C:3CC3H         LINE#         1322
  C:3CC3H         LINE#         1323
  C:3CC3H         LINE#         1324
  C:3CC3H         LINE#         1325
  C:3CC3H         LINE#         1327
  C:3CC3H         LINE#         1328
  C:3CC3H         LINE#         1329
  C:3CC3H         LINE#         1330
  C:3CC3H         LINE#         1331
  C:3CC3H         LINE#         1332
  C:3CC3H         LINE#         1333
  C:3CC3H         LINE#         1334
  C:3CC3H         LINE#         1336
  C:3CC3H         LINE#         1337
  C:3CC3H         LINE#         1338
  C:3CC3H         LINE#         1339
  C:3CC3H         LINE#         1340
BL51 BANKED LINKER/LOCATER V6.22                                                      08/19/2024  08:55:07  PAGE 28


  C:3CC3H         LINE#         1341
  C:3CC3H         LINE#         1342
  C:3CC3H         LINE#         1343
  C:3CC3H         LINE#         1345
  C:3CC3H         LINE#         1346
  C:3CC3H         LINE#         1347
  C:3CC3H         LINE#         1348
  C:3CC3H         LINE#         1349
  C:3CC3H         LINE#         1350
  C:3CC3H         LINE#         1351
  C:3CC3H         LINE#         1352
  C:3CC3H         LINE#         1354
  C:3CC3H         LINE#         1355
  C:3CC3H         LINE#         1356
  C:3CC3H         LINE#         1357
  C:3CC3H         LINE#         1358
  C:3CC3H         LINE#         1359
  C:3CC3H         LINE#         1360
  C:3CC3H         LINE#         1361
  C:3CC3H         LINE#         1363
  C:3CC3H         LINE#         1364
  C:3CC6H         LINE#         1365
  C:3CC9H         LINE#         1366
  C:3CCBH         LINE#         1367
  C:3CCEH         LINE#         1368
  C:3CD1H         LINE#         1369
  C:3CD3H         LINE#         1370
  C:3CD5H         LINE#         1372
  C:3CDAH         LINE#         1373
  C:3CE1H         LINE#         1374
  C:3CE4H         LINE#         1375
  C:3CE6H         LINE#         1376
  C:3CE9H         LINE#         1377
  C:3CECH         LINE#         1378
  C:3CEEH         LINE#         1379
  C:3CF0H         LINE#         1383
  -------         ENDPROC       LED_ALLON_TEST
  -------         PROC          LED_LEFTON_TEST
  C:3CF1H         LINE#         1385
  C:3CF1H         LINE#         1386
  C:3CF1H         LINE#         1387
  C:3CF8H         LINE#         1388
  C:3CFEH         LINE#         1389
  C:3D01H         LINE#         1390
  C:3D03H         LINE#         1391
  C:3D06H         LINE#         1392
  C:3D09H         LINE#         1393
  C:3D0BH         LINE#         1394
  C:3D0DH         LINE#         1396
  C:3D11H         LINE#         1397
  C:3D17H         LINE#         1398
  C:3D1AH         LINE#         1399
  C:3D1CH         LINE#         1400
  C:3D1FH         LINE#         1401
  C:3D22H         LINE#         1402
  C:3D24H         LINE#         1403
  C:3D26H         LINE#         1405
BL51 BANKED LINKER/LOCATER V6.22                                                      08/19/2024  08:55:07  PAGE 29


  C:3D2AH         LINE#         1406
  C:3D30H         LINE#         1407
  C:3D33H         LINE#         1408
  C:3D35H         LINE#         1409
  C:3D38H         LINE#         1410
  C:3D3BH         LINE#         1411
  C:3D3DH         LINE#         1412
  C:3D3FH         LINE#         1414
  C:3D43H         LINE#         1415
  C:3D49H         LINE#         1416
  C:3D4CH         LINE#         1417
  C:3D4EH         LINE#         1418
  C:3D51H         LINE#         1419
  C:3D54H         LINE#         1420
  C:3D56H         LINE#         1421
  C:3D58H         LINE#         1423
  C:3D5CH         LINE#         1424
  C:3D62H         LINE#         1425
  C:3D65H         LINE#         1426
  C:3D67H         LINE#         1427
  C:3D6AH         LINE#         1428
  C:3D6DH         LINE#         1429
  C:3D6FH         LINE#         1430
  C:3D71H         LINE#         1432
  C:3D76H         LINE#         1433
  C:3D7CH         LINE#         1434
  C:3D7FH         LINE#         1435
  C:3D81H         LINE#         1436
  C:3D84H         LINE#         1437
  C:3D87H         LINE#         1438
  C:3D89H         LINE#         1439
  C:3D8BH         LINE#         1441
  C:3D90H         LINE#         1442
  C:3D96H         LINE#         1443
  C:3D99H         LINE#         1444
  C:3D9BH         LINE#         1445
  C:3D9EH         LINE#         1446
  C:3DA1H         LINE#         1447
  C:3DA3H         LINE#         1448
  C:3DA5H         LINE#         1450
  C:3DAAH         LINE#         1451
  C:3DB0H         LINE#         1452
  C:3DB3H         LINE#         1453
  C:3DB5H         LINE#         1454
  C:3DB8H         LINE#         1455
  C:3DBBH         LINE#         1456
  C:3DBDH         LINE#         1457
  C:3DBFH         LINE#         1459
  C:3DC4H         LINE#         1460
  C:3DCBH         LINE#         1461
  C:3DCEH         LINE#         1462
  C:3DD0H         LINE#         1463
  C:3DD3H         LINE#         1464
  C:3DD6H         LINE#         1465
  C:3DD8H         LINE#         1466
  C:3DDAH         LINE#         1468
  C:3DDAH         LINE#         1469
BL51 BANKED LINKER/LOCATER V6.22                                                      08/19/2024  08:55:07  PAGE 30


  C:3DDDH         LINE#         1470
  C:3DE0H         LINE#         1471
  C:3DE2H         LINE#         1472
  C:3DE5H         LINE#         1473
  C:3DE8H         LINE#         1474
  C:3DEAH         LINE#         1475
  C:3DECH         LINE#         1477
  C:3DECH         LINE#         1478
  C:3DEFH         LINE#         1479
  C:3DF2H         LINE#         1480
  C:3DF4H         LINE#         1481
  C:3DF7H         LINE#         1482
  C:3DFAH         LINE#         1483
  C:3DFCH         LINE#         1484
  C:3DFEH         LINE#         1486
  C:3DFEH         LINE#         1487
  C:3E01H         LINE#         1488
  C:3E04H         LINE#         1489
  C:3E06H         LINE#         1490
  C:3E09H         LINE#         1491
  C:3E0CH         LINE#         1492
  C:3E0EH         LINE#         1493
  C:3E10H         LINE#         1496
  -------         ENDPROC       LED_LEFTON_TEST
  -------         PROC          LED_RIGHTON_TEST
  C:474FH         LINE#         1498
  C:474FH         LINE#         1499
  C:474FH         LINE#         1500
  C:4751H         LINE#         1501
  C:4751H         LINE#         1502
  C:4751H         LINE#         1503
  C:4751H         LINE#         1504
  C:4751H         LINE#         1505
  C:4751H         LINE#         1506
  C:4751H         LINE#         1507
  C:4751H         LINE#         1509
  C:4751H         LINE#         1510
  C:4751H         LINE#         1511
  C:4751H         LINE#         1512
  C:4751H         LINE#         1513
  C:4751H         LINE#         1514
  C:4751H         LINE#         1515
  C:4751H         LINE#         1516
  C:4751H         LINE#         1518
  C:4751H         LINE#         1519
  C:4751H         LINE#         1520
  C:4751H         LINE#         1521
  C:4751H         LINE#         1522
  C:4751H         LINE#         1523
  C:4751H         LINE#         1524
  C:4751H         LINE#         1525
  C:4751H         LINE#         1527
  C:4751H         LINE#         1528
  C:4751H         LINE#         1529
  C:4751H         LINE#         1530
  C:4751H         LINE#         1531
  C:4751H         LINE#         1532
BL51 BANKED LINKER/LOCATER V6.22                                                      08/19/2024  08:55:07  PAGE 31


  C:4751H         LINE#         1533
  C:4751H         LINE#         1534
  C:4751H         LINE#         1536
  C:4751H         LINE#         1537
  C:4751H         LINE#         1538
  C:4751H         LINE#         1539
  C:4751H         LINE#         1540
  C:4751H         LINE#         1541
  C:4751H         LINE#         1542
  C:4751H         LINE#         1543
  C:4751H         LINE#         1545
  C:4751H         LINE#         1546
  C:4751H         LINE#         1547
  C:4751H         LINE#         1548
  C:4751H         LINE#         1549
  C:4751H         LINE#         1550
  C:4751H         LINE#         1551
  C:4751H         LINE#         1552
  C:4751H         LINE#         1554
  C:4751H         LINE#         1555
  C:4751H         LINE#         1556
  C:4751H         LINE#         1557
  C:4751H         LINE#         1558
  C:4751H         LINE#         1559
  C:4751H         LINE#         1560
  C:4751H         LINE#         1561
  C:4751H         LINE#         1563
  C:4751H         LINE#         1564
  C:4751H         LINE#         1565
  C:4751H         LINE#         1566
  C:4751H         LINE#         1567
  C:4751H         LINE#         1568
  C:4751H         LINE#         1569
  C:4751H         LINE#         1570
  C:4751H         LINE#         1572
  C:4751H         LINE#         1573
  C:4751H         LINE#         1574
  C:4751H         LINE#         1575
  C:4751H         LINE#         1576
  C:4751H         LINE#         1577
  C:4751H         LINE#         1578
  C:4751H         LINE#         1579
  C:4751H         LINE#         1581
  C:4751H         LINE#         1582
  C:4751H         LINE#         1583
  C:4751H         LINE#         1584
  C:4751H         LINE#         1585
  C:4751H         LINE#         1586
  C:4751H         LINE#         1587
  C:4751H         LINE#         1588
  C:4751H         LINE#         1590
  C:4751H         LINE#         1591
  C:4751H         LINE#         1592
  C:4751H         LINE#         1593
  C:4751H         LINE#         1594
  C:4751H         LINE#         1595
  C:4751H         LINE#         1596
BL51 BANKED LINKER/LOCATER V6.22                                                      08/19/2024  08:55:07  PAGE 32


  C:4751H         LINE#         1597
  C:4751H         LINE#         1599
  C:4751H         LINE#         1600
  C:4754H         LINE#         1601
  C:4757H         LINE#         1602
  C:4759H         LINE#         1603
  C:475CH         LINE#         1604
  C:475FH         LINE#         1605
  C:4761H         LINE#         1606
  C:4763H         LINE#         1608
  C:4768H         LINE#         1609
  C:476FH         LINE#         1610
  C:4772H         LINE#         1611
  C:4774H         LINE#         1612
  C:4777H         LINE#         1613
  C:477AH         LINE#         1614
  C:477CH         LINE#         1615
  C:477EH         LINE#         1618
  -------         ENDPROC       LED_RIGHTON_TEST
  -------         PROC          LED_TWOBYTES_TEST
  C:4029H         LINE#         1620
  C:4029H         LINE#         1621
  C:4029H         LINE#         1622
  C:402CH         LINE#         1623
  C:402FH         LINE#         1624
  C:4032H         LINE#         1626
  C:4039H         LINE#         1627
  C:403FH         LINE#         1628
  C:4042H         LINE#         1629
  C:4045H         LINE#         1630
  C:4048H         LINE#         1631
  C:404AH         LINE#         1633
  C:404FH         LINE#         1634
  C:4055H         LINE#         1635
  C:4058H         LINE#         1636
  C:405BH         LINE#         1637
  C:405EH         LINE#         1638
  C:4060H         LINE#         1640
  C:4065H         LINE#         1641
  C:406BH         LINE#         1642
  C:406EH         LINE#         1643
  C:4071H         LINE#         1644
  C:4074H         LINE#         1645
  C:4076H         LINE#         1647
  C:407BH         LINE#         1648
  C:4081H         LINE#         1649
  C:4084H         LINE#         1650
  C:4087H         LINE#         1651
  C:408AH         LINE#         1652
  C:408CH         LINE#         1654
  C:4091H         LINE#         1655
  C:4097H         LINE#         1656
  C:409AH         LINE#         1657
  C:409DH         LINE#         1658
  C:40A0H         LINE#         1659
  C:40A2H         LINE#         1661
  C:40A7H         LINE#         1662
BL51 BANKED LINKER/LOCATER V6.22                                                      08/19/2024  08:55:07  PAGE 33


  C:40ADH         LINE#         1663
  C:40B0H         LINE#         1664
  C:40B3H         LINE#         1665
  C:40B6H         LINE#         1666
  C:40B8H         LINE#         1668
  C:40BDH         LINE#         1669
  C:40C3H         LINE#         1670
  C:40C6H         LINE#         1671
  C:40C9H         LINE#         1672
  C:40CCH         LINE#         1673
  C:40CEH         LINE#         1675
  C:40D3H         LINE#         1676
  C:40D9H         LINE#         1677
  C:40DCH         LINE#         1678
  C:40DFH         LINE#         1679
  C:40E2H         LINE#         1680
  C:40E4H         LINE#         1682
  C:40E9H         LINE#         1683
  C:40F0H         LINE#         1684
  C:40F3H         LINE#         1685
  C:40F6H         LINE#         1686
  C:40F9H         LINE#         1687
  C:40FBH         LINE#         1689
  C:40FBH         LINE#         1690
  C:40FEH         LINE#         1691
  C:4101H         LINE#         1692
  C:4104H         LINE#         1693
  C:4107H         LINE#         1694
  C:4109H         LINE#         1696
  C:4109H         LINE#         1697
  C:410CH         LINE#         1698
  C:410FH         LINE#         1699
  C:4112H         LINE#         1700
  C:4115H         LINE#         1701
  C:4117H         LINE#         1703
  C:4117H         LINE#         1704
  C:411AH         LINE#         1705
  C:411DH         LINE#         1706
  C:4120H         LINE#         1707
  C:4123H         LINE#         1708
  C:4125H         LINE#         1710
  C:412AH         LINE#         1711
  C:412CH         LINE#         1713
  -------         ENDPROC       LED_TWOBYTES_TEST
  -------         PROC          LED_TWOBYTES_TEST1
  C:4224H         LINE#         1715
  C:4224H         LINE#         1716
  C:4224H         LINE#         1717
  C:422AH         LINE#         1718
  C:4231H         LINE#         1719
  C:4234H         LINE#         1720
  C:4237H         LINE#         1721
  C:4239H         LINE#         1723
  C:423EH         LINE#         1724
  C:4244H         LINE#         1725
  C:4247H         LINE#         1726
  C:424AH         LINE#         1727
BL51 BANKED LINKER/LOCATER V6.22                                                      08/19/2024  08:55:07  PAGE 34


  C:424CH         LINE#         1729
  C:4251H         LINE#         1730
  C:4257H         LINE#         1731
  C:425AH         LINE#         1732
  C:425DH         LINE#         1733
  C:425FH         LINE#         1735
  C:4264H         LINE#         1736
  C:426AH         LINE#         1737
  C:426DH         LINE#         1738
  C:4270H         LINE#         1739
  C:4272H         LINE#         1741
  C:4277H         LINE#         1742
  C:427DH         LINE#         1743
  C:4280H         LINE#         1744
  C:4283H         LINE#         1745
  C:4285H         LINE#         1747
  C:428AH         LINE#         1748
  C:4290H         LINE#         1749
  C:4293H         LINE#         1750
  C:4296H         LINE#         1751
  C:4298H         LINE#         1754
  C:429DH         LINE#         1755
  C:42A3H         LINE#         1756
  C:42A6H         LINE#         1757
  C:42A9H         LINE#         1758
  C:42ABH         LINE#         1761
  C:42B0H         LINE#         1762
  C:42B6H         LINE#         1763
  C:42B9H         LINE#         1764
  C:42BCH         LINE#         1765
  C:42BEH         LINE#         1768
  C:42C3H         LINE#         1769
  C:42C9H         LINE#         1770
  C:42CCH         LINE#         1771
  C:42CFH         LINE#         1772
  C:42D1H         LINE#         1775
  C:42D6H         LINE#         1776
  C:42DDH         LINE#         1777
  C:42E0H         LINE#         1778
  C:42E3H         LINE#         1779
  C:42E5H         LINE#         1782
  C:42E5H         LINE#         1783
  C:42E8H         LINE#         1784
  C:42EBH         LINE#         1785
  C:42EEH         LINE#         1786
  C:42F0H         LINE#         1789
  C:42F0H         LINE#         1790
  C:42F3H         LINE#         1791
  C:42F6H         LINE#         1792
  C:42F9H         LINE#         1793
  C:42FBH         LINE#         1796
  C:42FBH         LINE#         1797
  C:42FEH         LINE#         1798
  C:4301H         LINE#         1799
  C:4304H         LINE#         1800
  C:4306H         LINE#         1801
  C:4308H         LINE#         1803
BL51 BANKED LINKER/LOCATER V6.22                                                      08/19/2024  08:55:07  PAGE 35


  C:430DH         LINE#         1804
  C:430FH         LINE#         1806
  -------         ENDPROC       LED_TWOBYTES_TEST1
  -------         PROC          LED_TWOBYTES_TEST2
  C:4310H         LINE#         1808
  C:4310H         LINE#         1809
  C:4310H         LINE#         1810
  C:4317H         LINE#         1811
  C:431EH         LINE#         1812
  C:4320H         LINE#         1813
  C:4323H         LINE#         1814
  C:4326H         LINE#         1815
  C:4329H         LINE#         1816
  C:432CH         LINE#         1819
  C:4333H         LINE#         1820
  C:433AH         LINE#         1821
  C:433CH         LINE#         1823
  C:4341H         LINE#         1824
  C:4347H         LINE#         1825
  C:434AH         LINE#         1826
  C:434CH         LINE#         1828
  C:4351H         LINE#         1829
  C:4357H         LINE#         1830
  C:435AH         LINE#         1831
  C:435CH         LINE#         1833
  C:4361H         LINE#         1834
  C:4367H         LINE#         1835
  C:436AH         LINE#         1836
  C:436CH         LINE#         1838
  C:4371H         LINE#         1839
  C:4377H         LINE#         1840
  C:437AH         LINE#         1841
  C:437CH         LINE#         1843
  C:4381H         LINE#         1844
  C:4387H         LINE#         1845
  C:438AH         LINE#         1846
  C:438CH         LINE#         1848
  C:4391H         LINE#         1849
  C:4397H         LINE#         1850
  C:439AH         LINE#         1851
  C:439CH         LINE#         1853
  C:43A1H         LINE#         1854
  C:43A7H         LINE#         1855
  C:43AAH         LINE#         1856
  C:43ACH         LINE#         1858
  C:43B1H         LINE#         1859
  C:43B8H         LINE#         1860
  C:43BBH         LINE#         1861
  C:43BDH         LINE#         1863
  C:43BDH         LINE#         1864
  C:43C0H         LINE#         1865
  C:43C3H         LINE#         1866
  C:43C5H         LINE#         1868
  C:43C5H         LINE#         1869
  C:43C8H         LINE#         1870
  C:43CBH         LINE#         1871
  C:43CBH         LINE#         1873
BL51 BANKED LINKER/LOCATER V6.22                                                      08/19/2024  08:55:07  PAGE 36


  C:43CBH         LINE#         1874
  C:43CEH         LINE#         1875
  C:43D1H         LINE#         1876
  C:43D3H         LINE#         1878
  C:43D8H         LINE#         1879
  C:43DBH         LINE#         1882
  -------         ENDPROC       LED_TWOBYTES_TEST2
  -------         PROC          LED_TWOBYTES_TEST3
  C:412DH         LINE#         1884
  C:412DH         LINE#         1885
  C:412DH         LINE#         1886
  C:4130H         LINE#         1887
  C:4132H         LINE#         1888
  C:4135H         LINE#         1891
[...]
  -------         ENDDO         
  C:0C9AH         LINE#         3884
  C:0CA7H         LINE#         3887
  C:0CA7H         LINE#         3888
  C:0CACH         LINE#         3889
  C:0CB0H         LINE#         3890
  C:0CB2H         LINE#         3891
  C:0CB6H         LINE#         3892
  C:0CB9H         LINE#         3893
  C:0CBBH         LINE#         3894
  C:0CBEH         LINE#         3895
  C:0CC1H         LINE#         3896
  C:0CC4H         LINE#         3897
  C:0CC7H         LINE#         3898
  C:0CE2H         LINE#         3902
  C:0D0AH         LINE#         3903
  C:0D0FH         LINE#         3904
  C:0D13H         LINE#         3905
  C:0D19H         LINE#         3906
  C:0D1FH         LINE#         3907
  C:0D25H         LINE#         3908
  C:0D2CH         LINE#         3909
  C:0D32H         LINE#         3910
  C:0D36H         LINE#         3911
  C:0D3CH         LINE#         3912
  C:0D42H         LINE#         3913
  C:0D48H         LINE#         3914
  C:0D4FH         LINE#         3915
  C:0D55H         LINE#         3916
  C:0D59H         LINE#         3917
  C:0D5FH         LINE#         3919
  C:0D8CH         LINE#         3920
  C:0D92H         LINE#         3921
  C:0D96H         LINE#         3922
  C:0D9CH         LINE#         3923
  C:0DA2H         LINE#         3924
  C:0DA8H         LINE#         3925
  C:0DAEH         LINE#         3926
  C:0DB4H         LINE#         3927
  C:0DBBH         LINE#         3928
  C:0DC2H         LINE#         3929
  C:0DC7H         LINE#         3930
  C:0DCBH         LINE#         3931
  C:0DCFH         LINE#         3932
BL51 BANKED LINKER/LOCATER V6.22                                                      08/19/2024  08:55:07  PAGE 62


  C:0DD1H         LINE#         3935
  C:0DD7H         LINE#         3936
  C:0DDCH         LINE#         3937
  C:0DE0H         LINE#         3938
  C:0DE2H         LINE#         3939
  C:0DE6H         LINE#         3940
  C:0E0EH         LINE#         3941
  C:0E14H         LINE#         3942
  C:0E18H         LINE#         3943
  C:0E1EH         LINE#         3944
  C:0E24H         LINE#         3945
  C:0E2AH         LINE#         3946
  C:0E31H         LINE#         3947
  C:0E37H         LINE#         3948
  C:0E3BH         LINE#         3949
  C:0E41H         LINE#         3950
  C:0E47H         LINE#         3951
  C:0E4DH         LINE#         3952
  C:0E54H         LINE#         3953
  C:0E5AH         LINE#         3954
  C:0E5EH         LINE#         3955
  C:0E64H         LINE#         3957
  C:0E91H         LINE#         3958
  C:0E97H         LINE#         3959
  C:0E9BH         LINE#         3960
  C:0EA1H         LINE#         3961
  C:0EA7H         LINE#         3962
  C:0EADH         LINE#         3963
  C:0EB3H         LINE#         3964
  C:0EB9H         LINE#         3965
  C:0EC0H         LINE#         3966
  C:0EC6H         LINE#         3967
  C:0ECBH         LINE#         3968
  C:0ECFH         LINE#         3969
  C:0ED3H         LINE#         3970
  C:0ED5H         LINE#         3973
  C:0EDBH         LINE#         3974
  C:0EE0H         LINE#         3975
  C:0EE4H         LINE#         3976
  C:0EE6H         LINE#         3977
  C:0EEAH         LINE#         3978
  C:0F12H         LINE#         3979
  C:0F18H         LINE#         3980
  C:0F1CH         LINE#         3981
  C:0F22H         LINE#         3982
  C:0F28H         LINE#         3983
  C:0F2EH         LINE#         3984
  C:0F35H         LINE#         3985
  C:0F3BH         LINE#         3986
  C:0F3FH         LINE#         3987
  C:0F45H         LINE#         3988
  C:0F4BH         LINE#         3989
  C:0F51H         LINE#         3990
  C:0F58H         LINE#         3991
  C:0F5EH         LINE#         3992
  C:0F62H         LINE#         3993
  C:0F68H         LINE#         3995
BL51 BANKED LINKER/LOCATER V6.22                                                      08/19/2024  08:55:07  PAGE 63


  C:0F95H         LINE#         3996
  C:0F9BH         LINE#         3997
  C:0F9FH         LINE#         3998
  C:0FA5H         LINE#         3999
  C:0FABH         LINE#         4000
  C:0FB1H         LINE#         4001
  C:0FB7H         LINE#         4002
  C:0FBDH         LINE#         4003
  C:0FC4H         LINE#         4004
  C:0FCAH         LINE#         4005
  C:0FCFH         LINE#         4006
  C:0FD3H         LINE#         4007
  C:0FD7H         LINE#         4008
  C:0FD9H         LINE#         4011
  C:0FDFH         LINE#         4012
  C:0FE4H         LINE#         4013
  C:0FE8H         LINE#         4014
  C:0FEAH         LINE#         4015
  C:0FEEH         LINE#         4016
  C:1016H         LINE#         4017
  C:101CH         LINE#         4018
  C:1020H         LINE#         4019
  C:1026H         LINE#         4020
  C:102CH         LINE#         4021
  C:1032H         LINE#         4022
  C:1039H         LINE#         4023
  C:103FH         LINE#         4024
  C:1043H         LINE#         4025
  C:1049H         LINE#         4026
  C:104FH         LINE#         4027
  C:1055H         LINE#         4028
  C:105CH         LINE#         4029
  C:1062H         LINE#         4030
  C:1066H         LINE#         4031
  C:106CH         LINE#         4033
  C:1099H         LINE#         4034
  C:109FH         LINE#         4035
  C:10A3H         LINE#         4036
  C:10A9H         LINE#         4037
  C:10AFH         LINE#         4038
  C:10B5H         LINE#         4039
  C:10BBH         LINE#         4040
  C:10C1H         LINE#         4041
  C:10C8H         LINE#         4042
  C:10CEH         LINE#         4043
  C:10D3H         LINE#         4044
  C:10D7H         LINE#         4045
  C:10DBH         LINE#         4046
  C:10DDH         LINE#         4049
  C:10E3H         LINE#         4050
  C:10E8H         LINE#         4051
  C:10ECH         LINE#         4052
  C:10EEH         LINE#         4053
  C:10F2H         LINE#         4054
  C:111AH         LINE#         4055
  C:1120H         LINE#         4056
  C:1124H         LINE#         4057
BL51 BANKED LINKER/LOCATER V6.22                                                      08/19/2024  08:55:07  PAGE 64


  C:112AH         LINE#         4058
  C:1130H         LINE#         4059
  C:1136H         LINE#         4060
  C:113DH         LINE#         4061
  C:1143H         LINE#         4062
  C:1147H         LINE#         4063
  C:114DH         LINE#         4064
  C:1153H         LINE#         4065
  C:1159H         LINE#         4066
  C:1160H         LINE#         4067
  C:1166H         LINE#         4068
  C:116AH         LINE#         4069
  C:1170H         LINE#         4071
  C:119DH         LINE#         4072
  C:11A3H         LINE#         4073
  C:11A7H         LINE#         4074
  C:11ADH         LINE#         4075
  C:11B3H         LINE#         4076
  C:11B9H         LINE#         4077
  C:11BFH         LINE#         4078
  C:11C5H         LINE#         4079
  C:11CCH         LINE#         4080
  C:11D2H         LINE#         4081
  C:11D7H         LINE#         4082
  C:11DBH         LINE#         4083
  C:11DFH         LINE#         4084
  C:11E1H         LINE#         4087
  C:11E7H         LINE#         4088
  C:11ECH         LINE#         4089
  C:11F0H         LINE#         4090
  C:11F2H         LINE#         4091
  C:11F6H         LINE#         4092
  C:121EH         LINE#         4093
  C:1224H         LINE#         4094
  C:1228H         LINE#         4095
  C:122EH         LINE#         4096
  C:1234H         LINE#         4097
  C:123AH         LINE#         4098
  C:1241H         LINE#         4099
  C:1247H         LINE#         4100
  C:124BH         LINE#         4101
  C:1251H         LINE#         4102
  C:1257H         LINE#         4103
  C:125DH         LINE#         4104
  C:1264H         LINE#         4105
  C:126AH         LINE#         4106
  C:126EH         LINE#         4107
  C:1274H         LINE#         4109
  C:12A1H         LINE#         4110
  C:12A7H         LINE#         4111
  C:12ABH         LINE#         4112
  C:12B1H         LINE#         4113
  C:12B7H         LINE#         4114
  C:12BDH         LINE#         4115
  C:12C3H         LINE#         4116
  C:12C9H         LINE#         4117
  C:12D0H         LINE#         4118
BL51 BANKED LINKER/LOCATER V6.22                                                      08/19/2024  08:55:07  PAGE 65


  C:12D6H         LINE#         4119
  C:12DBH         LINE#         4120
  C:12DFH         LINE#         4121
  C:12E3H         LINE#         4122
  C:12E5H         LINE#         4125
  C:12EBH         LINE#         4126
  C:12F6H         LINE#         4128
  C:1301H         LINE#         4129
  C:1301H         LINE#         4130
  C:1305H         LINE#         4131
  C:1308H         LINE#         4132
  C:1308H         LINE#         4133
  C:130DH         LINE#         4134
  C:1311H         LINE#         4135
  C:1313H         LINE#         4136
  C:1317H         LINE#         4137
  C:133FH         LINE#         4138
  C:1345H         LINE#         4139
  C:1349H         LINE#         4140
  C:134FH         LINE#         4141
  C:1355H         LINE#         4142
  C:135BH         LINE#         4143
  C:1362H         LINE#         4144
  C:1368H         LINE#         4145
  C:136CH         LINE#         4146
  C:1372H         LINE#         4147
  C:1378H         LINE#         4148
  C:137EH         LINE#         4149
  C:1385H         LINE#         4150
  C:138BH         LINE#         4151
  C:138FH         LINE#         4152
  C:1395H         LINE#         4154
  C:13C2H         LINE#         4155
  C:13C8H         LINE#         4156
  C:13CCH         LINE#         4157
  C:13D2H         LINE#         4158
  C:13D8H         LINE#         4159
  C:13DEH         LINE#         4160
  C:13E4H         LINE#         4161
  C:13EAH         LINE#         4162
  C:13F1H         LINE#         4163
  C:13F7H         LINE#         4164
  C:13FCH         LINE#         4165
  C:1400H         LINE#         4166
  C:1404H         LINE#         4167
  C:1406H         LINE#         4170
  C:140CH         LINE#         4171
  C:1411H         LINE#         4172
  C:1415H         LINE#         4173
  C:1417H         LINE#         4174
  C:141BH         LINE#         4175
  C:1443H         LINE#         4176
  C:1449H         LINE#         4177
  C:144DH         LINE#         4178
  C:1453H         LINE#         4179
  C:1459H         LINE#         4180
  C:145FH         LINE#         4181
BL51 BANKED LINKER/LOCATER V6.22                                                      08/19/2024  08:55:07  PAGE 66


  C:1466H         LINE#         4182
  C:146CH         LINE#         4183
  C:1470H         LINE#         4184
  C:1476H         LINE#         4185
  C:147CH         LINE#         4186
  C:1482H         LINE#         4187
  C:1489H         LINE#         4188
  C:148FH         LINE#         4189
  C:1493H         LINE#         4190
  C:1499H         LINE#         4192
  C:14C6H         LINE#         4193
  C:14CCH         LINE#         4194
  C:14D0H         LINE#         4195
  C:14D6H         LINE#         4196
  C:14DCH         LINE#         4197
  C:14E2H         LINE#         4198
  C:14E8H         LINE#         4199
  C:14EEH         LINE#         4200
  C:14F5H         LINE#         4201
  C:14FBH         LINE#         4202
  C:1500H         LINE#         4203
  C:1504H         LINE#         4204
  C:1508H         LINE#         4205
  C:150AH         LINE#         4208
  C:1510H         LINE#         4209
  C:1515H         LINE#         4210
  C:1519H         LINE#         4211
  C:151BH         LINE#         4212
  C:151FH         LINE#         4213
  C:1547H         LINE#         4214
  C:154DH         LINE#         4215
  C:1551H         LINE#         4216
  C:1557H         LINE#         4217
  C:155DH         LINE#         4218
  C:1563H         LINE#         4219
  C:156AH         LINE#         4220
  C:1570H         LINE#         4221
  C:1574H         LINE#         4222
  C:157AH         LINE#         4223
  C:1580H         LINE#         4224
  C:1586H         LINE#         4225
  C:158DH         LINE#         4226
  C:1593H         LINE#         4227
  C:1597H         LINE#         4228
  C:159DH         LINE#         4230
  C:15CAH         LINE#         4231
  C:15CFH         LINE#         4232
  C:15D3H         LINE#         4233
  C:15D9H         LINE#         4234
  C:15DFH         LINE#         4235
  C:15E5H         LINE#         4236
  C:15EBH         LINE#         4237
  C:15F1H         LINE#         4238
  C:15F8H         LINE#         4239
  C:15FFH         LINE#         4240
  C:1604H         LINE#         4241
  C:1608H         LINE#         4242
BL51 BANKED LINKER/LOCATER V6.22                                                      08/19/2024  08:55:07  PAGE 67


  C:160CH         LINE#         4243
  C:160EH         LINE#         4246
  C:1614H         LINE#         4247
  C:1619H         LINE#         4248
  C:161DH         LINE#         4249
  C:161FH         LINE#         4250
  C:1623H         LINE#         4251
  C:164BH         LINE#         4252
  C:1651H         LINE#         4253
  C:1655H         LINE#         4254
  C:165BH         LINE#         4255
  C:1661H         LINE#         4256
  C:1667H         LINE#         4257
  C:166EH         LINE#         4258
  C:1674H         LINE#         4259
  C:1678H         LINE#         4260
  C:167EH         LINE#         4261
  C:1684H         LINE#         4262
  C:168AH         LINE#         4263
  C:1691H         LINE#         4264
  C:1697H         LINE#         4265
  C:169BH         LINE#         4266
  C:16A1H         LINE#         4268
  C:16CEH         LINE#         4269
  C:16D4H         LINE#         4270
  C:16D8H         LINE#         4271
  C:16DEH         LINE#         4272
  C:16E4H         LINE#         4273
  C:16EAH         LINE#         4274
  C:16F0H         LINE#         4275
  C:16F6H         LINE#         4276
  C:16F8H         LINE#         4277
  C:16FBH         LINE#         4278
  C:1700H         LINE#         4279
  C:1704H         LINE#         4280
  C:1708H         LINE#         4281
  C:170AH         LINE#         4284
  C:1710H         LINE#         4285
  C:1715H         LINE#         4286
  C:1719H         LINE#         4287
  C:171BH         LINE#         4288
  C:171FH         LINE#         4289
  C:1747H         LINE#         4290
  C:174DH         LINE#         4291
  C:1751H         LINE#         4292
  C:1757H         LINE#         4293
  C:175DH         LINE#         4294
  C:1763H         LINE#         4295
  C:176AH         LINE#         4296
  C:1770H         LINE#         4297
  C:1774H         LINE#         4298
  C:177AH         LINE#         4299
  C:1780H         LINE#         4300
  C:1786H         LINE#         4301
  C:178DH         LINE#         4302
  C:1793H         LINE#         4303
  C:1797H         LINE#         4304
BL51 BANKED LINKER/LOCATER V6.22                                                      08/19/2024  08:55:07  PAGE 68


  C:179DH         LINE#         4306
  C:17CAH         LINE#         4307
  C:17D0H         LINE#         4308
  C:17D4H         LINE#         4309
  C:17DAH         LINE#         4310
  C:17E0H         LINE#         4311
  C:17E6H         LINE#         4312
  C:17ECH         LINE#         4313
  C:17F2H         LINE#         4314
  C:17F4H         LINE#         4315
  C:17F7H         LINE#         4316
  C:17FCH         LINE#         4317
  C:1800H         LINE#         4318
  C:1804H         LINE#         4319
  C:1806H         LINE#         4322
  C:180CH         LINE#         4323
  C:1811H         LINE#         4324
  C:1815H         LINE#         4325
  C:1817H         LINE#         4326
  C:181BH         LINE#         4327
  C:1843H         LINE#         4328
  C:1849H         LINE#         4329
  C:184DH         LINE#         4330
  C:1853H         LINE#         4331
  C:1859H         LINE#         4332
  C:185FH         LINE#         4333
  C:1866H         LINE#         4334
  C:186CH         LINE#         4335
  C:1870H         LINE#         4336
  C:1876H         LINE#         4337
  C:187CH         LINE#         4338
  C:1882H         LINE#         4339
  C:1889H         LINE#         4340
  C:188FH         LINE#         4341
  C:1893H         LINE#         4342
  C:1899H         LINE#         4344
  C:18C6H         LINE#         4345
  C:18CCH         LINE#         4346
  C:18D0H         LINE#         4347
  C:18D6H         LINE#         4348
  C:18DCH         LINE#         4349
  C:18E2H         LINE#         4350
  C:18E8H         LINE#         4351
  C:18EEH         LINE#         4352
  C:18F0H         LINE#         4353
  C:18F3H         LINE#         4354
  C:18F8H         LINE#         4355
  C:18FCH         LINE#         4356
  C:1900H         LINE#         4357
  C:1902H         LINE#         4359
  C:1907H         LINE#         4360
  C:1909H         LINE#         4362
  -------         ENDPROC       _LED_SCREEN3_TEST
  -------         ENDMOD        GPIO_INIT

  -------         MODULE        SHOWSTRINGS
  C:0000H         SYMBOL        _ICE_DUMMY_
BL51 BANKED LINKER/LOCATER V6.22                                                      08/19/2024  08:55:07  PAGE 69


  D:0080H         PUBLIC        P0
  D:0090H         PUBLIC        P1
  D:00A0H         PUBLIC        P2
  D:00B0H         PUBLIC        P3
  D:00C0H         PUBLIC        P4
  C:000BH         PUBLIC        hello_cn_str
  D:00C8H         PUBLIC        P5
  D:00A8H         PUBLIC        IE
  D:00B8H         PUBLIC        IP
  D:0098H         PUBLIC        SCON
  D:0088H         PUBLIC        TCON
  X:0024H         SYMBOL        hello_cn
  D:00D0H         PUBLIC        PSW
  -------         PROC          HELLO_CN_STR
  C:000BH         LINE#         217
  C:000BH         LINE#         218
  C:000BH         LINE#         219
  C:0011H         LINE#         220
  -------         ENDPROC       HELLO_CN_STR
  -------         ENDMOD        SHOWSTRINGS

  -------         MODULE        ?C?COPY
  C:3EE1H         PUBLIC        ?C?COPY
  -------         ENDMOD        ?C?COPY

  -------         MODULE        ?C?CLDPTR
  C:3F07H         PUBLIC        ?C?CLDPTR
  -------         ENDMOD        ?C?CLDPTR

*** WARNING L16: UNCALLED SEGMENT, IGNORED FOR OVERLAY PROCESS
    SEGMENT: ?PR?_GPIO_SETPULLUP?GPIO_INIT

*** WARNING L16: UNCALLED SEGMENT, IGNORED FOR OVERLAY PROCESS
    SEGMENT: ?PR?_GPIO_SETSCHMIDTTRIGGER?GPIO_INIT

*** WARNING L16: UNCALLED SEGMENT, IGNORED FOR OVERLAY PROCESS
    SEGMENT: ?PR?_GPIO_SETLEVELSHIFTINGSPEED?GPIO_INIT

*** WARNING L16: UNCALLED SEGMENT, IGNORED FOR OVERLAY PROCESS
    SEGMENT: ?PR?_GPIO_SETDRIVECURRENT?GPIO_INIT

*** WARNING L16: UNCALLED SEGMENT, IGNORED FOR OVERLAY PROCESS
    SEGMENT: ?PR?LED_OFF?GPIO_INIT

*** WARNING L16: UNCALLED SEGMENT, IGNORED FOR OVERLAY PROCESS
    SEGMENT: ?PR?_LED_ALLON?GPIO_INIT

*** WARNING L16: UNCALLED SEGMENT, IGNORED FOR OVERLAY PROCESS
    SEGMENT: ?PR?LED_ALLON_TEST?GPIO_INIT

*** WARNING L16: UNCALLED SEGMENT, IGNORED FOR OVERLAY PROCESS
    SEGMENT: ?PR?LED_LEFTON_TEST?GPIO_INIT

*** WARNING L16: UNCALLED SEGMENT, IGNORED FOR OVERLAY PROCESS
    SEGMENT: ?PR?LED_RIGHTON_TEST?GPIO_INIT

*** WARNING L16: UNCALLED SEGMENT, IGNORED FOR OVERLAY PROCESS
BL51 BANKED LINKER/LOCATER V6.22                                                      08/19/2024  08:55:07  PAGE 70


    SEGMENT: ?PR?LED_TWOBYTES_TEST?GPIO_INIT

*** WARNING L16: UNCALLED SEGMENT, IGNORED FOR OVERLAY PROCESS
    SEGMENT: ?PR?LED_TWOBYTES_TEST1?GPIO_INIT

*** WARNING L16: UNCALLED SEGMENT, IGNORED FOR OVERLAY PROCESS
    SEGMENT: ?PR?LED_TWOBYTES_TEST2?GPIO_INIT

*** WARNING L16: UNCALLED SEGMENT, IGNORED FOR OVERLAY PROCESS
    SEGMENT: ?PR?LED_TWOBYTES_TEST3?GPIO_INIT

Program Size: data=9.1 xdata=113 code=18364
LINK/LOCATE RUN COMPLETE.  13 WARNING(S),  0 ERROR(S)
